Archive member included to satisfy reference by file (symbol)

/home/logic/_workspace/STM32Toolchain/gcc-arm-none-eabi-7-2018-q2-update/bin/../lib/gcc/arm-none-eabi/7.3.1/../../../../arm-none-eabi/lib/thumb/v7-m/libc_nano.a(lib_a-exit.o)
                              /home/logic/_workspace/STM32Toolchain/gcc-arm-none-eabi-7-2018-q2-update/bin/../lib/gcc/arm-none-eabi/7.3.1/../../../../arm-none-eabi/lib/thumb/v7-m/crt0.o (exit)
/home/logic/_workspace/STM32Toolchain/gcc-arm-none-eabi-7-2018-q2-update/bin/../lib/gcc/arm-none-eabi/7.3.1/../../../../arm-none-eabi/lib/thumb/v7-m/libc_nano.a(lib_a-impure.o)
                              /home/logic/_workspace/STM32Toolchain/gcc-arm-none-eabi-7-2018-q2-update/bin/../lib/gcc/arm-none-eabi/7.3.1/../../../../arm-none-eabi/lib/thumb/v7-m/libc_nano.a(lib_a-exit.o) (_global_impure_ptr)
/home/logic/_workspace/STM32Toolchain/gcc-arm-none-eabi-7-2018-q2-update/bin/../lib/gcc/arm-none-eabi/7.3.1/../../../../arm-none-eabi/lib/thumb/v7-m/libc_nano.a(lib_a-init.o)
                              /home/logic/_workspace/STM32Toolchain/gcc-arm-none-eabi-7-2018-q2-update/bin/../lib/gcc/arm-none-eabi/7.3.1/../../../../arm-none-eabi/lib/thumb/v7-m/crt0.o (__libc_init_array)
/home/logic/_workspace/STM32Toolchain/gcc-arm-none-eabi-7-2018-q2-update/bin/../lib/gcc/arm-none-eabi/7.3.1/../../../../arm-none-eabi/lib/thumb/v7-m/libc_nano.a(lib_a-memmove.o)
                              build/ssd1306_tests.o (memmove)
/home/logic/_workspace/STM32Toolchain/gcc-arm-none-eabi-7-2018-q2-update/bin/../lib/gcc/arm-none-eabi/7.3.1/../../../../arm-none-eabi/lib/thumb/v7-m/libc_nano.a(lib_a-memset.o)
                              /home/logic/_workspace/STM32Toolchain/gcc-arm-none-eabi-7-2018-q2-update/bin/../lib/gcc/arm-none-eabi/7.3.1/../../../../arm-none-eabi/lib/thumb/v7-m/crt0.o (memset)
/home/logic/_workspace/STM32Toolchain/gcc-arm-none-eabi-7-2018-q2-update/bin/../lib/gcc/arm-none-eabi/7.3.1/../../../../arm-none-eabi/lib/thumb/v7-m/libc_nano.a(lib_a-snprintf.o)
                              build/ssd1306_tests.o (snprintf)
/home/logic/_workspace/STM32Toolchain/gcc-arm-none-eabi-7-2018-q2-update/bin/../lib/gcc/arm-none-eabi/7.3.1/../../../../arm-none-eabi/lib/thumb/v7-m/libc_nano.a(lib_a-nano-svfprintf.o)
                              /home/logic/_workspace/STM32Toolchain/gcc-arm-none-eabi-7-2018-q2-update/bin/../lib/gcc/arm-none-eabi/7.3.1/../../../../arm-none-eabi/lib/thumb/v7-m/libc_nano.a(lib_a-snprintf.o) (_svfprintf_r)
/home/logic/_workspace/STM32Toolchain/gcc-arm-none-eabi-7-2018-q2-update/bin/../lib/gcc/arm-none-eabi/7.3.1/../../../../arm-none-eabi/lib/thumb/v7-m/libc_nano.a(lib_a-nano-vfprintf_i.o)
                              /home/logic/_workspace/STM32Toolchain/gcc-arm-none-eabi-7-2018-q2-update/bin/../lib/gcc/arm-none-eabi/7.3.1/../../../../arm-none-eabi/lib/thumb/v7-m/libc_nano.a(lib_a-nano-svfprintf.o) (_printf_i)
/home/logic/_workspace/STM32Toolchain/gcc-arm-none-eabi-7-2018-q2-update/bin/../lib/gcc/arm-none-eabi/7.3.1/../../../../arm-none-eabi/lib/thumb/v7-m/libc_nano.a(lib_a-memchr-stub.o)
                              /home/logic/_workspace/STM32Toolchain/gcc-arm-none-eabi-7-2018-q2-update/bin/../lib/gcc/arm-none-eabi/7.3.1/../../../../arm-none-eabi/lib/thumb/v7-m/libc_nano.a(lib_a-nano-svfprintf.o) (memchr)
/home/logic/_workspace/STM32Toolchain/gcc-arm-none-eabi-7-2018-q2-update/bin/../lib/gcc/arm-none-eabi/7.3.1/../../../../arm-none-eabi/lib/thumb/v7-m/libc_nano.a(lib_a-memcpy-stub.o)
                              /home/logic/_workspace/STM32Toolchain/gcc-arm-none-eabi-7-2018-q2-update/bin/../lib/gcc/arm-none-eabi/7.3.1/../../../../arm-none-eabi/lib/thumb/v7-m/libc_nano.a(lib_a-nano-svfprintf.o) (memcpy)
/home/logic/_workspace/STM32Toolchain/gcc-arm-none-eabi-7-2018-q2-update/bin/../lib/gcc/arm-none-eabi/7.3.1/../../../../arm-none-eabi/lib/thumb/v7-m/libc_nano.a(lib_a-nano-freer.o)
                              /home/logic/_workspace/STM32Toolchain/gcc-arm-none-eabi-7-2018-q2-update/bin/../lib/gcc/arm-none-eabi/7.3.1/../../../../arm-none-eabi/lib/thumb/v7-m/libc_nano.a(lib_a-nano-svfprintf.o) (_free_r)
/home/logic/_workspace/STM32Toolchain/gcc-arm-none-eabi-7-2018-q2-update/bin/../lib/gcc/arm-none-eabi/7.3.1/../../../../arm-none-eabi/lib/thumb/v7-m/libc_nano.a(lib_a-nano-mallocr.o)
                              /home/logic/_workspace/STM32Toolchain/gcc-arm-none-eabi-7-2018-q2-update/bin/../lib/gcc/arm-none-eabi/7.3.1/../../../../arm-none-eabi/lib/thumb/v7-m/libc_nano.a(lib_a-nano-svfprintf.o) (_malloc_r)
/home/logic/_workspace/STM32Toolchain/gcc-arm-none-eabi-7-2018-q2-update/bin/../lib/gcc/arm-none-eabi/7.3.1/../../../../arm-none-eabi/lib/thumb/v7-m/libc_nano.a(lib_a-nano-reallocr.o)
                              /home/logic/_workspace/STM32Toolchain/gcc-arm-none-eabi-7-2018-q2-update/bin/../lib/gcc/arm-none-eabi/7.3.1/../../../../arm-none-eabi/lib/thumb/v7-m/libc_nano.a(lib_a-nano-svfprintf.o) (_realloc_r)
[...]
Memory Configuration

Name             Origin             Length             Attributes
RAM              0x0000000020000000 0x0000000000005000 xrw
FLASH            0x0000000008000000 0x0000000000010000 xr
*default*        0x0000000000000000 0xffffffffffffffff

Linker script and memory map

LOAD /home/logic/_workspace/STM32Toolchain/gcc-arm-none-eabi-7-2018-q2-update/bin/../lib/gcc/arm-none-eabi/7.3.1/thumb/v7-m/crti.o
LOAD /home/logic/_workspace/STM32Toolchain/gcc-arm-none-eabi-7-2018-q2-update/bin/../lib/gcc/arm-none-eabi/7.3.1/thumb/v7-m/crtbegin.o
LOAD /home/logic/_workspace/STM32Toolchain/gcc-arm-none-eabi-7-2018-q2-update/bin/../lib/gcc/arm-none-eabi/7.3.1/../../../../arm-none-eabi/lib/thumb/v7-m/crt0.o
LOAD build/main.o
LOAD build/stm32f1xx_it.o
LOAD build/stm32f1xx_hal_msp.o
LOAD build/ssd1306.o
LOAD build/ssd1306_fonts.o
LOAD build/ssd1306_tests.o
LOAD build/stm32f1xx_hal_gpio_ex.o
LOAD build/stm32f1xx_hal_i2c.o
LOAD build/stm32f1xx_hal_tim.o
LOAD build/stm32f1xx_hal_tim_ex.o
LOAD build/stm32f1xx_hal.o
LOAD build/stm32f1xx_hal_rcc.o
LOAD build/stm32f1xx_hal_rcc_ex.o
LOAD build/stm32f1xx_hal_gpio.o
LOAD build/stm32f1xx_hal_dma.o
LOAD build/stm32f1xx_hal_cortex.o
LOAD build/stm32f1xx_hal_pwr.o
LOAD build/stm32f1xx_hal_flash.o
LOAD build/stm32f1xx_hal_flash_ex.o
LOAD build/system_stm32f1xx.o
LOAD build/startup_stm32f103xb.o
LOAD /home/logic/_workspace/STM32Toolchain/gcc-arm-none-eabi-7-2018-q2-update/bin/../lib/gcc/arm-none-eabi/7.3.1/../../../../arm-none-eabi/lib/thumb/v7-m/libc_nano.a
LOAD /home/logic/_workspace/STM32Toolchain/gcc-arm-none-eabi-7-2018-q2-update/bin/../lib/gcc/arm-none-eabi/7.3.1/../../../../arm-none-eabi/lib/thumb/v7-m/libm.a
LOAD /home/logic/_workspace/STM32Toolchain/gcc-arm-none-eabi-7-2018-q2-update/bin/../lib/gcc/arm-none-eabi/7.3.1/../../../../arm-none-eabi/lib/thumb/v7-m/libnosys.a
START GROUP
LOAD /home/logic/_workspace/STM32Toolchain/gcc-arm-none-eabi-7-2018-q2-update/bin/../lib/gcc/arm-none-eabi/7.3.1/thumb/v7-m/libgcc.a
LOAD /home/logic/_workspace/STM32Toolchain/gcc-arm-none-eabi-7-2018-q2-update/bin/../lib/gcc/arm-none-eabi/7.3.1/../../../../arm-none-eabi/lib/thumb/v7-m/libc_nano.a
END GROUP
START GROUP
LOAD /home/logic/_workspace/STM32Toolchain/gcc-arm-none-eabi-7-2018-q2-update/bin/../lib/gcc/arm-none-eabi/7.3.1/thumb/v7-m/libgcc.a
LOAD /home/logic/_workspace/STM32Toolchain/gcc-arm-none-eabi-7-2018-q2-update/bin/../lib/gcc/arm-none-eabi/7.3.1/../../../../arm-none-eabi/lib/thumb/v7-m/libc_nano.a
END GROUP
LOAD /home/logic/_workspace/STM32Toolchain/gcc-arm-none-eabi-7-2018-q2-update/bin/../lib/gcc/arm-none-eabi/7.3.1/thumb/v7-m/crtend.o
LOAD /home/logic/_workspace/STM32Toolchain/gcc-arm-none-eabi-7-2018-q2-update/bin/../lib/gcc/arm-none-eabi/7.3.1/thumb/v7-m/crtn.o
                0x0000000020005000                _estack = 0x20005000
                0x0000000000000200                _Min_Heap_Size = 0x200
                0x0000000000000400                _Min_Stack_Size = 0x400

.isr_vector     0x0000000008000000      0x10c
                0x0000000008000000                . = ALIGN (0x4)
 *(.isr_vector)
 .isr_vector    0x0000000008000000      0x10c build/startup_stm32f103xb.o
                0x0000000008000000                g_pfnVectors
                0x000000000800010c                . = ALIGN (0x4)

.text           0x000000000800010c     0x296c
                0x000000000800010c                . = ALIGN (0x4)
 *(.text)
 .text          0x000000000800010c       0x40 /home/logic/_workspace/STM32Toolchain/gcc-arm-none-eabi-7-2018-q2-update/bin/../lib/gcc/arm-none-eabi/7.3.1/thumb/v7-m/crtbegin.o
 .text          0x000000000800014c      0x378 /home/logic/_workspace/STM32Toolchain/gcc-arm-none-eabi-7-2018-q2-update/bin/../lib/gcc/arm-none-eabi/7.3.1/thumb/v7-m/libgcc.a(_arm_addsubdf3.o)
                0x000000000800014c                __aeabi_drsub
                0x0000000008000154                __aeabi_dsub
                0x0000000008000154                __subdf3
                0x0000000008000158                __adddf3
                0x0000000008000158                __aeabi_dadd
                0x00000000080003d0                __aeabi_ui2d
                0x00000000080003d0                __floatunsidf
                0x00000000080003f0                __floatsidf
                0x00000000080003f0                __aeabi_i2d
                0x0000000008000414                __extendsfdf2
                0x0000000008000414                __aeabi_f2d
                0x0000000008000458                __aeabi_ul2d
                0x0000000008000458                __floatundidf
                0x0000000008000468                __floatdidf
                0x0000000008000468                __aeabi_l2d
 .text          0x00000000080004c4      0x424 /home/logic/_workspace/STM32Toolchain/gcc-arm-none-eabi-7-2018-q2-update/bin/../lib/gcc/arm-none-eabi/7.3.1/thumb/v7-m/libgcc.a(_arm_muldivdf3.o)
                0x00000000080004c4                __aeabi_dmul
                0x00000000080004c4                __muldf3
                0x0000000008000718                __aeabi_ddiv
                0x0000000008000718                __divdf3
 .text          0x00000000080008e8       0x50 /home/logic/_workspace/STM32Toolchain/gcc-arm-none-eabi-7-2018-q2-update/bin/../lib/gcc/arm-none-eabi/7.3.1/thumb/v7-m/libgcc.a(_arm_fixdfsi.o)
                0x00000000080008e8                __fixdfsi
                0x00000000080008e8                __aeabi_d2iz
 .text          0x0000000008000938      0x21c /home/logic/_workspace/STM32Toolchain/gcc-arm-none-eabi-7-2018-q2-update/bin/../lib/gcc/arm-none-eabi/7.3.1/thumb/v7-m/libgcc.a(_arm_addsubsf3.o)
                0x0000000008000938                __aeabi_frsub
                0x0000000008000940                __subsf3
                0x0000000008000940                __aeabi_fsub
                0x0000000008000944                __aeabi_fadd
                0x0000000008000944                __addsf3
                0x0000000008000aa4                __aeabi_ui2f
                0x0000000008000aa4                __floatunsisf
                0x0000000008000aac                __aeabi_i2f
                0x0000000008000aac                __floatsisf
                0x0000000008000ac8                __floatundisf
                0x0000000008000ac8                __aeabi_ul2f
                0x0000000008000ad8                __floatdisf
                0x0000000008000ad8                __aeabi_l2f
 *(.text*)
 .text.MX_GPIO_Init
                0x0000000008000b54       0x68 build/main.o
 .text.MX_I2C1_Init
                0x0000000008000bbc       0x34 build/main.o
 .text.init     0x0000000008000bf0        0x8 build/main.o
                0x0000000008000bf0                init
 .text.loop     0x0000000008000bf8        0xa build/main.o
                0x0000000008000bf8                loop
 *fill*         0x0000000008000c02        0x2 
 .text.SystemClock_Config
                0x0000000008000c04       0x6c build/main.o
                0x0000000008000c04                SystemClock_Config
 .text.main     0x0000000008000c70       0x1c build/main.o
                0x0000000008000c70                main
 .text.NMI_Handler
                0x0000000008000c8c        0x2 build/stm32f1xx_it.o
                0x0000000008000c8c                NMI_Handler
 .text.HardFault_Handler
                0x0000000008000c8e        0x2 build/stm32f1xx_it.o
                0x0000000008000c8e                HardFault_Handler
 .text.MemManage_Handler
                0x0000000008000c90        0x2 build/stm32f1xx_it.o
                0x0000000008000c90                MemManage_Handler
 .text.BusFault_Handler
                0x0000000008000c92        0x2 build/stm32f1xx_it.o
                0x0000000008000c92                BusFault_Handler
 .text.UsageFault_Handler
                0x0000000008000c94        0x2 build/stm32f1xx_it.o
                0x0000000008000c94                UsageFault_Handler
 .text.SVC_Handler
                0x0000000008000c96        0x2 build/stm32f1xx_it.o
                0x0000000008000c96                SVC_Handler
 .text.DebugMon_Handler
                0x0000000008000c98        0x2 build/stm32f1xx_it.o
                0x0000000008000c98                DebugMon_Handler
 .text.PendSV_Handler
                0x0000000008000c9a        0x2 build/stm32f1xx_it.o
                0x0000000008000c9a                PendSV_Handler
 .text.SysTick_Handler
                0x0000000008000c9c        0x8 build/stm32f1xx_it.o
                0x0000000008000c9c                SysTick_Handler
 .text.HAL_MspInit
                0x0000000008000ca4       0x44 build/stm32f1xx_hal_msp.o
                0x0000000008000ca4                HAL_MspInit
 .text.HAL_I2C_MspInit
                0x0000000008000ce8       0x64 build/stm32f1xx_hal_msp.o
                0x0000000008000ce8                HAL_I2C_MspInit
 .text.ssd1306_WriteCommand
                0x0000000008000d4c       0x2c build/ssd1306.o
                0x0000000008000d4c                ssd1306_WriteCommand
 .text.ssd1306_WriteData
                0x0000000008000d78       0x28 build/ssd1306.o
                0x0000000008000d78                ssd1306_WriteData
 .text.ssd1306_Fill
                0x0000000008000da0       0x20 build/ssd1306.o
                0x0000000008000da0                ssd1306_Fill
 .text.ssd1306_UpdateScreen
                0x0000000008000dc0       0x38 build/ssd1306.o
                0x0000000008000dc0                ssd1306_UpdateScreen
 .text.ssd1306_Init
                0x0000000008000df8       0xcc build/ssd1306.o
                0x0000000008000df8                ssd1306_Init
 .text.ssd1306_DrawPixel
                0x0000000008000ec4       0x54 build/ssd1306.o
                0x0000000008000ec4                ssd1306_DrawPixel
 .text.ssd1306_WriteChar
                0x0000000008000f18       0xa4 build/ssd1306.o
                0x0000000008000f18                ssd1306_WriteChar
 .text.ssd1306_WriteString
                0x0000000008000fbc       0x30 build/ssd1306.o
                0x0000000008000fbc                ssd1306_WriteString
 .text.ssd1306_SetCursor
                0x0000000008000fec        0xc build/ssd1306.o
                0x0000000008000fec                ssd1306_SetCursor
 .text.ssd1306_TestBorder
                0x0000000008000ff8       0x76 build/ssd1306_tests.o
                0x0000000008000ff8                ssd1306_TestBorder
 *fill*         0x000000000800106e        0x2 
 .text.ssd1306_TestFonts
                0x0000000008001070       0x64 build/ssd1306_tests.o
                0x0000000008001070                ssd1306_TestFonts
 .text.ssd1306_TestFPS
                0x00000000080010d4       0xe4 build/ssd1306_tests.o
                0x00000000080010d4                ssd1306_TestFPS
 .text.ssd1306_TestAll
                0x00000000080011b8       0x1c build/ssd1306_tests.o
                0x00000000080011b8                ssd1306_TestAll
 .text.I2C_IsAcknowledgeFailed
                0x00000000080011d4       0x2a build/stm32f1xx_hal_i2c.o
 .text.I2C_WaitOnFlagUntilTimeout
                0x00000000080011fe       0x68 build/stm32f1xx_hal_i2c.o
 .text.I2C_WaitOnMasterAddressFlagUntilTimeout
                0x0000000008001266       0x90 build/stm32f1xx_hal_i2c.o
 .text.I2C_WaitOnTXEFlagUntilTimeout
                0x00000000080012f6       0x4e build/stm32f1xx_hal_i2c.o
 .text.I2C_RequestMemoryWrite
                0x0000000008001344       0xd8 build/stm32f1xx_hal_i2c.o
 .text.I2C_WaitOnBTFFlagUntilTimeout
                0x000000000800141c       0x4e build/stm32f1xx_hal_i2c.o
 *fill*         0x000000000800146a        0x2 
 .text.HAL_I2C_Init
                0x000000000800146c      0x168 build/stm32f1xx_hal_i2c.o
                0x000000000800146c                HAL_I2C_Init
 .text.HAL_I2C_Mem_Write
                0x00000000080015d4      0x17c build/stm32f1xx_hal_i2c.o
                0x00000000080015d4                HAL_I2C_Mem_Write
 .text.HAL_InitTick
                0x0000000008001750       0x4c build/stm32f1xx_hal.o
                0x0000000008001750                HAL_InitTick
 .text.HAL_Init
                0x000000000800179c       0x24 build/stm32f1xx_hal.o
                0x000000000800179c                HAL_Init
 .text.HAL_IncTick
                0x00000000080017c0       0x18 build/stm32f1xx_hal.o
                0x00000000080017c0                HAL_IncTick
 .text.HAL_GetTick
                0x00000000080017d8        0xc build/stm32f1xx_hal.o
                0x00000000080017d8                HAL_GetTick
 .text.HAL_Delay
                0x00000000080017e4       0x28 build/stm32f1xx_hal.o
                0x00000000080017e4                HAL_Delay
 .text.RCC_Delay
                0x000000000800180c       0x2c build/stm32f1xx_hal_rcc.o
 .text.HAL_RCC_OscConfig
                0x0000000008001838      0x3dc build/stm32f1xx_hal_rcc.o
                0x0000000008001838                HAL_RCC_OscConfig
 .text.HAL_RCC_GetSysClockFreq
                0x0000000008001c14       0x70 build/stm32f1xx_hal_rcc.o
                0x0000000008001c14                HAL_RCC_GetSysClockFreq
 .text.HAL_RCC_ClockConfig
                0x0000000008001c84      0x19c build/stm32f1xx_hal_rcc.o
                0x0000000008001c84                HAL_RCC_ClockConfig
 .text.HAL_RCC_GetHCLKFreq
                0x0000000008001e20        0xc build/stm32f1xx_hal_rcc.o
                0x0000000008001e20                HAL_RCC_GetHCLKFreq
 .text.HAL_RCC_GetPCLK1Freq
                0x0000000008001e2c       0x20 build/stm32f1xx_hal_rcc.o
                0x0000000008001e2c                HAL_RCC_GetPCLK1Freq
 .text.HAL_GPIO_Init
                0x0000000008001e4c      0x1d4 build/stm32f1xx_hal_gpio.o
                0x0000000008001e4c                HAL_GPIO_Init
 .text.HAL_GPIO_WritePin
                0x0000000008002020        0xc build/stm32f1xx_hal_gpio.o
                0x0000000008002020                HAL_GPIO_WritePin
 .text.HAL_NVIC_SetPriorityGrouping
                0x000000000800202c       0x24 build/stm32f1xx_hal_cortex.o
                0x000000000800202c                HAL_NVIC_SetPriorityGrouping
 .text.HAL_NVIC_SetPriority
                0x0000000008002050       0x68 build/stm32f1xx_hal_cortex.o
                0x0000000008002050                HAL_NVIC_SetPriority
 .text.HAL_SYSTICK_Config
                0x00000000080020b8       0x2c build/stm32f1xx_hal_cortex.o
                0x00000000080020b8                HAL_SYSTICK_Config
 .text.HAL_SYSTICK_CLKSourceConfig
                0x00000000080020e4       0x20 build/stm32f1xx_hal_cortex.o
                0x00000000080020e4                HAL_SYSTICK_CLKSourceConfig
 .text.SystemInit
                0x0000000008002104       0x4c build/system_stm32f1xx.o
                0x0000000008002104                SystemInit
 .text.Reset_Handler
                0x0000000008002150       0x48 build/startup_stm32f103xb.o
                0x0000000008002150                Reset_Handler
 .text.Default_Handler
                0x0000000008002198        0x2 build/startup_stm32f103xb.o
                0x0000000008002198                RTC_Alarm_IRQHandler
                0x0000000008002198                EXTI2_IRQHandler
                0x0000000008002198                TIM1_CC_IRQHandler
                0x0000000008002198                PVD_IRQHandler
                0x0000000008002198                EXTI3_IRQHandler
                0x0000000008002198                EXTI0_IRQHandler
                0x0000000008002198                I2C2_EV_IRQHandler
                0x0000000008002198                ADC1_2_IRQHandler
                0x0000000008002198                SPI1_IRQHandler
                0x0000000008002198                TAMPER_IRQHandler
                0x0000000008002198                DMA1_Channel4_IRQHandler
                0x0000000008002198                USART3_IRQHandler
                0x0000000008002198                RTC_IRQHandler
                0x0000000008002198                DMA1_Channel7_IRQHandler
                0x0000000008002198                CAN1_RX1_IRQHandler
                0x0000000008002198                TIM4_IRQHandler
                0x0000000008002198                I2C1_EV_IRQHandler
                0x0000000008002198                DMA1_Channel6_IRQHandler
                0x0000000008002198                TIM3_IRQHandler
                0x0000000008002198                RCC_IRQHandler
                0x0000000008002198                TIM1_TRG_COM_IRQHandler
                0x0000000008002198                DMA1_Channel1_IRQHandler
                0x0000000008002198                Default_Handler
                0x0000000008002198                EXTI15_10_IRQHandler
                0x0000000008002198                EXTI9_5_IRQHandler
                0x0000000008002198                SPI2_IRQHandler
                0x0000000008002198                DMA1_Channel5_IRQHandler
                0x0000000008002198                EXTI4_IRQHandler
                0x0000000008002198                USB_LP_CAN1_RX0_IRQHandler
                0x0000000008002198                USB_HP_CAN1_TX_IRQHandler
                0x0000000008002198                DMA1_Channel3_IRQHandler
                0x0000000008002198                TIM1_UP_IRQHandler
                0x0000000008002198                WWDG_IRQHandler
                0x0000000008002198                TIM2_IRQHandler
                0x0000000008002198                TIM1_BRK_IRQHandler
                0x0000000008002198                EXTI1_IRQHandler
                0x0000000008002198                USART2_IRQHandler
                0x0000000008002198                I2C2_ER_IRQHandler
                0x0000000008002198                DMA1_Channel2_IRQHandler
                0x0000000008002198                CAN1_SCE_IRQHandler
                0x0000000008002198                FLASH_IRQHandler
                0x0000000008002198                USART1_IRQHandler
                0x0000000008002198                I2C1_ER_IRQHandler
                0x0000000008002198                USBWakeUp_IRQHandler
 *fill*         0x000000000800219a        0x2 
 .text.__libc_init_array
                0x000000000800219c       0x48 /home/logic/_workspace/STM32Toolchain/gcc-arm-none-eabi-7-2018-q2-update/bin/../lib/gcc/arm-none-eabi/7.3.1/../../../../arm-none-eabi/lib/thumb/v7-m/libc_nano.a(lib_a-init.o)
                0x000000000800219c                __libc_init_array
 .text.memmove  0x00000000080021e4       0x32 /home/logic/_workspace/STM32Toolchain/gcc-arm-none-eabi-7-2018-q2-update/bin/../lib/gcc/arm-none-eabi/7.3.1/../../../../arm-none-eabi/lib/thumb/v7-m/libc_nano.a(lib_a-memmove.o)
                0x00000000080021e4                memmove
 .text.memset   0x0000000008002216       0x10 /home/logic/_workspace/STM32Toolchain/gcc-arm-none-eabi-7-2018-q2-update/bin/../lib/gcc/arm-none-eabi/7.3.1/../../../../arm-none-eabi/lib/thumb/v7-m/libc_nano.a(lib_a-memset.o)
                0x0000000008002216                memset
 *fill*         0x0000000008002226        0x2 
 .text.snprintf
                0x0000000008002228       0x68 /home/logic/_workspace/STM32Toolchain/gcc-arm-none-eabi-7-2018-q2-update/bin/../lib/gcc/arm-none-eabi/7.3.1/../../../../arm-none-eabi/lib/thumb/v7-m/libc_nano.a(lib_a-snprintf.o)
                0x0000000008002228                snprintf
                0x0000000008002228                sniprintf
 .text.__ssputs_r
                0x0000000008002290       0xb4 /home/logic/_workspace/STM32Toolchain/gcc-arm-none-eabi-7-2018-q2-update/bin/../lib/gcc/arm-none-eabi/7.3.1/../../../../arm-none-eabi/lib/thumb/v7-m/libc_nano.a(lib_a-nano-svfprintf.o)
                0x0000000008002290                __ssputs_r
 .text._svfprintf_r
                0x0000000008002344      0x1f0 /home/logic/_workspace/STM32Toolchain/gcc-arm-none-eabi-7-2018-q2-update/bin/../lib/gcc/arm-none-eabi/7.3.1/../../../../arm-none-eabi/lib/thumb/v7-m/libc_nano.a(lib_a-nano-svfprintf.o)
                0x0000000008002344                _svfprintf_r
                0x0000000008002344                _svfiprintf_r
 .text._printf_common
                0x0000000008002534       0xec /home/logic/_workspace/STM32Toolchain/gcc-arm-none-eabi-7-2018-q2-update/bin/../lib/gcc/arm-none-eabi/7.3.1/../../../../arm-none-eabi/lib/thumb/v7-m/libc_nano.a(lib_a-nano-vfprintf_i.o)
                0x0000000008002534                _printf_common
 .text._printf_i
                0x0000000008002620      0x224 /home/logic/_workspace/STM32Toolchain/gcc-arm-none-eabi-7-2018-q2-update/bin/../lib/gcc/arm-none-eabi/7.3.1/../../../../arm-none-eabi/lib/thumb/v7-m/libc_nano.a(lib_a-nano-vfprintf_i.o)
                0x0000000008002620                _printf_i
 .text.memchr   0x0000000008002844       0x1c /home/logic/_workspace/STM32Toolchain/gcc-arm-none-eabi-7-2018-q2-update/bin/../lib/gcc/arm-none-eabi/7.3.1/../../../../arm-none-eabi/lib/thumb/v7-m/libc_nano.a(lib_a-memchr-stub.o)
                0x0000000008002844                memchr
 .text.memcpy   0x0000000008002860       0x16 /home/logic/_workspace/STM32Toolchain/gcc-arm-none-eabi-7-2018-q2-update/bin/../lib/gcc/arm-none-eabi/7.3.1/../../../../arm-none-eabi/lib/thumb/v7-m/libc_nano.a(lib_a-memcpy-stub.o)
                0x0000000008002860                memcpy
 *fill*         0x0000000008002876        0x2 
 .text._free_r  0x0000000008002878       0x98 /home/logic/_workspace/STM32Toolchain/gcc-arm-none-eabi-7-2018-q2-update/bin/../lib/gcc/arm-none-eabi/7.3.1/../../../../arm-none-eabi/lib/thumb/v7-m/libc_nano.a(lib_a-nano-freer.o)
                0x0000000008002878                _free_r
 .text._malloc_r
                0x0000000008002910       0xb4 /home/logic/_workspace/STM32Toolchain/gcc-arm-none-eabi-7-2018-q2-update/bin/../lib/gcc/arm-none-eabi/7.3.1/../../../../arm-none-eabi/lib/thumb/v7-m/libc_nano.a(lib_a-nano-mallocr.o)
                0x0000000008002910                _malloc_r
 .text._realloc_r
                0x00000000080029c4       0x4c /home/logic/_workspace/STM32Toolchain/gcc-arm-none-eabi-7-2018-q2-update/bin/../lib/gcc/arm-none-eabi/7.3.1/../../../../arm-none-eabi/lib/thumb/v7-m/libc_nano.a(lib_a-nano-reallocr.o)
                0x00000000080029c4                _realloc_r
 .text._sbrk_r  0x0000000008002a10       0x20 /home/logic/_workspace/STM32Toolchain/gcc-arm-none-eabi-7-2018-q2-update/bin/../lib/gcc/arm-none-eabi/7.3.1/../../../../arm-none-eabi/lib/thumb/v7-m/libc_nano.a(lib_a-sbrkr.o)
                0x0000000008002a10                _sbrk_r
 .text.__malloc_lock
                0x0000000008002a30        0x2 /home/logic/_workspace/STM32Toolchain/gcc-arm-none-eabi-7-2018-q2-update/bin/../lib/gcc/arm-none-eabi/7.3.1/../../../../arm-none-eabi/lib/thumb/v7-m/libc_nano.a(lib_a-mlock.o)
                0x0000000008002a30                __malloc_lock
 .text.__malloc_unlock
                0x0000000008002a32        0x2 /home/logic/_workspace/STM32Toolchain/gcc-arm-none-eabi-7-2018-q2-update/bin/../lib/gcc/arm-none-eabi/7.3.1/../../../../arm-none-eabi/lib/thumb/v7-m/libc_nano.a(lib_a-mlock.o)
                0x0000000008002a32                __malloc_unlock
 .text._malloc_usable_size_r
                0x0000000008002a34       0x10 /home/logic/_workspace/STM32Toolchain/gcc-arm-none-eabi-7-2018-q2-update/bin/../lib/gcc/arm-none-eabi/7.3.1/../../../../arm-none-eabi/lib/thumb/v7-m/libc_nano.a(lib_a-nano-msizer.o)
                0x0000000008002a34                _malloc_usable_size_r
 .text._sbrk    0x0000000008002a44       0x1c /home/logic/_workspace/STM32Toolchain/gcc-arm-none-eabi-7-2018-q2-update/bin/../lib/gcc/arm-none-eabi/7.3.1/../../../../arm-none-eabi/lib/thumb/v7-m/libnosys.a(sbrk.o)
                0x0000000008002a44                _sbrk
 *(.glue_7)
 .glue_7        0x0000000008002a60        0x0 linker stubs
 *(.glue_7t)
 .glue_7t       0x0000000008002a60        0x0 linker stubs
 *(.eh_frame)
 .eh_frame      0x0000000008002a60        0x0 /home/logic/_workspace/STM32Toolchain/gcc-arm-none-eabi-7-2018-q2-update/bin/../lib/gcc/arm-none-eabi/7.3.1/thumb/v7-m/crtbegin.o
 *(.init)
 .init          0x0000000008002a60        0x4 /home/logic/_workspace/STM32Toolchain/gcc-arm-none-eabi-7-2018-q2-update/bin/../lib/gcc/arm-none-eabi/7.3.1/thumb/v7-m/crti.o
                0x0000000008002a60                _init
 .init          0x0000000008002a64        0x8 /home/logic/_workspace/STM32Toolchain/gcc-arm-none-eabi-7-2018-q2-update/bin/../lib/gcc/arm-none-eabi/7.3.1/thumb/v7-m/crtn.o
 *(.fini)
 .fini          0x0000000008002a6c        0x4 /home/logic/_workspace/STM32Toolchain/gcc-arm-none-eabi-7-2018-q2-update/bin/../lib/gcc/arm-none-eabi/7.3.1/thumb/v7-m/crti.o
                0x0000000008002a6c                _fini
 .fini          0x0000000008002a70        0x8 /home/logic/_workspace/STM32Toolchain/gcc-arm-none-eabi-7-2018-q2-update/bin/../lib/gcc/arm-none-eabi/7.3.1/thumb/v7-m/crtn.o
                0x0000000008002a78                . = ALIGN (0x4)
                0x0000000008002a78                _etext = .

.vfp11_veneer   0x0000000008002a78        0x0
 .vfp11_veneer  0x0000000008002a78        0x0 linker stubs

.v4_bx          0x0000000008002a78        0x0
 .v4_bx         0x0000000008002a78        0x0 linker stubs

.iplt           0x0000000008002a78        0x0
 .iplt          0x0000000008002a78        0x0 /home/logic/_workspace/STM32Toolchain/gcc-arm-none-eabi-7-2018-q2-update/bin/../lib/gcc/arm-none-eabi/7.3.1/thumb/v7-m/crtbegin.o

.rodata         0x0000000008002a78     0x28b8
                0x0000000008002a78                . = ALIGN (0x4)
 *(.rodata)
 .rodata        0x0000000008002a78       0x12 build/stm32f1xx_hal_rcc.o
 *(.rodata*)
 *fill*         0x0000000008002a8a        0x2 
 .rodata.Font11x18
                0x0000000008002a8c      0xd5c build/ssd1306_fonts.o
 .rodata.Font16x26
                0x00000000080037e8     0x134c build/ssd1306_fonts.o
 .rodata.Font7x10
                0x0000000008004b34      0x76c build/ssd1306_fonts.o
 .rodata.ssd1306_TestFPS.str1.4
                0x00000000080052a0       0x20 build/ssd1306_tests.o
 .rodata.ssd1306_TestFonts.str1.4
                0x00000000080052c0       0x24 build/ssd1306_tests.o
                                         0x22 (size before relaxing)
 .rodata.AHBPrescTable
                0x00000000080052e4       0x10 build/system_stm32f1xx.o
                0x00000000080052e4                AHBPrescTable
 .rodata.APBPrescTable
                0x00000000080052f4        0x8 build/system_stm32f1xx.o
                0x00000000080052f4                APBPrescTable
 .rodata._svfprintf_r.str1.1
                0x00000000080052fc       0x11 /home/logic/_workspace/STM32Toolchain/gcc-arm-none-eabi-7-2018-q2-update/bin/../lib/gcc/arm-none-eabi/7.3.1/../../../../arm-none-eabi/lib/thumb/v7-m/libc_nano.a(lib_a-nano-svfprintf.o)
 .rodata._printf_i.str1.1
                0x000000000800530d       0x22 /home/logic/_workspace/STM32Toolchain/gcc-arm-none-eabi-7-2018-q2-update/bin/../lib/gcc/arm-none-eabi/7.3.1/../../../../arm-none-eabi/lib/thumb/v7-m/libc_nano.a(lib_a-nano-vfprintf_i.o)
                0x0000000008005330                . = ALIGN (0x4)
 *fill*         0x000000000800532f        0x1 

.rel.dyn        0x0000000008005330        0x0
 .rel.iplt      0x0000000008005330        0x0 /home/logic/_workspace/STM32Toolchain/gcc-arm-none-eabi-7-2018-q2-update/bin/../lib/gcc/arm-none-eabi/7.3.1/thumb/v7-m/crtbegin.o

.ARM.extab
 *(.ARM.extab* .gnu.linkonce.armextab.*)

.ARM            0x0000000008005330        0x0
                0x0000000008005330                __exidx_start = .
 *(.ARM.exidx*)
                0x0000000008005330                __exidx_end = .

.preinit_array  0x0000000008005330        0x0
                0x0000000008005330                PROVIDE (__preinit_array_start = .)
 *(.preinit_array*)
                0x0000000008005330                PROVIDE (__preinit_array_end = .)

.init_array     0x0000000008005330        0x4
                0x0000000008005330                PROVIDE (__init_array_start = .)
 *(SORT_BY_NAME(.init_array.*))
 *(.init_array*)
 .init_array    0x0000000008005330        0x4 /home/logic/_workspace/STM32Toolchain/gcc-arm-none-eabi-7-2018-q2-update/bin/../lib/gcc/arm-none-eabi/7.3.1/thumb/v7-m/crtbegin.o
                0x0000000008005334                PROVIDE (__init_array_end = .)

.fini_array     0x0000000008005334        0x4
                [!provide]                        PROVIDE (__fini_array_start = .)
 *(SORT_BY_NAME(.fini_array.*))
 *(.fini_array*)
 .fini_array    0x0000000008005334        0x4 /home/logic/_workspace/STM32Toolchain/gcc-arm-none-eabi-7-2018-q2-update/bin/../lib/gcc/arm-none-eabi/7.3.1/thumb/v7-m/crtbegin.o
                [!provide]                        PROVIDE (__fini_array_end = .)
                0x0000000008005338                _sidata = LOADADDR (.data)

.data           0x0000000020000000       0x88 load address 0x0000000008005338
                0x0000000020000000                . = ALIGN (0x4)
                0x0000000020000000                _sdata = .
 *(.data)
 *(.data*)
 .data.Font_11x18
                0x0000000020000000        0x8 build/ssd1306_fonts.o
                0x0000000020000000                Font_11x18
 .data.Font_16x26
                0x0000000020000008        0x8 build/ssd1306_fonts.o
                0x0000000020000008                Font_16x26
 .data.Font_7x10
                0x0000000020000010        0x8 build/ssd1306_fonts.o
                0x0000000020000010                Font_7x10
 .data.uwTickFreq
                0x0000000020000018        0x1 build/stm32f1xx_hal.o
                0x0000000020000018                uwTickFreq
 *fill*         0x0000000020000019        0x3 
 .data.uwTickPrio
                0x000000002000001c        0x4 build/stm32f1xx_hal.o
                0x000000002000001c                uwTickPrio
 .data.SystemCoreClock
                0x0000000020000020        0x4 build/system_stm32f1xx.o
                0x0000000020000020                SystemCoreClock
 .data._impure_ptr
                0x0000000020000024        0x4 /home/logic/_workspace/STM32Toolchain/gcc-arm-none-eabi-7-2018-q2-update/bin/../lib/gcc/arm-none-eabi/7.3.1/../../../../arm-none-eabi/lib/thumb/v7-m/libc_nano.a(lib_a-impure.o)
                0x0000000020000024                _impure_ptr
 .data.impure_data
                0x0000000020000028       0x60 /home/logic/_workspace/STM32Toolchain/gcc-arm-none-eabi-7-2018-q2-update/bin/../lib/gcc/arm-none-eabi/7.3.1/../../../../arm-none-eabi/lib/thumb/v7-m/libc_nano.a(lib_a-impure.o)
                0x0000000020000088                . = ALIGN (0x4)
                0x0000000020000088                _edata = .

.igot.plt       0x0000000020000088        0x0 load address 0x00000000080053c0
 .igot.plt      0x0000000020000088        0x0 /home/logic/_workspace/STM32Toolchain/gcc-arm-none-eabi-7-2018-q2-update/bin/../lib/gcc/arm-none-eabi/7.3.1/thumb/v7-m/crtbegin.o
                0x0000000020000088                . = ALIGN (0x4)

.bss            0x0000000020000088      0x48c load address 0x00000000080053c0
                0x0000000020000088                _sbss = .
                0x0000000020000088                __bss_start__ = _sbss
 *(.bss)
 .bss           0x0000000020000088       0x1c /home/logic/_workspace/STM32Toolchain/gcc-arm-none-eabi-7-2018-q2-update/bin/../lib/gcc/arm-none-eabi/7.3.1/thumb/v7-m/crtbegin.o
 *(.bss*)
 .bss.SSD1306   0x00000000200000a4        0x6 build/ssd1306.o
 *fill*         0x00000000200000aa        0x2 
 .bss.SSD1306_Buffer
                0x00000000200000ac      0x400 build/ssd1306.o
 .bss.__malloc_free_list
                0x00000000200004ac        0x4 /home/logic/_workspace/STM32Toolchain/gcc-arm-none-eabi-7-2018-q2-update/bin/../lib/gcc/arm-none-eabi/7.3.1/../../../../arm-none-eabi/lib/thumb/v7-m/libc_nano.a(lib_a-nano-mallocr.o)
                0x00000000200004ac                __malloc_free_list
 .bss.__malloc_sbrk_start
                0x00000000200004b0        0x4 /home/logic/_workspace/STM32Toolchain/gcc-arm-none-eabi-7-2018-q2-update/bin/../lib/gcc/arm-none-eabi/7.3.1/../../../../arm-none-eabi/lib/thumb/v7-m/libc_nano.a(lib_a-nano-mallocr.o)
                0x00000000200004b0                __malloc_sbrk_start
 .bss.heap_end.4102
                0x00000000200004b4        0x4 /home/logic/_workspace/STM32Toolchain/gcc-arm-none-eabi-7-2018-q2-update/bin/../lib/gcc/arm-none-eabi/7.3.1/../../../../arm-none-eabi/lib/thumb/v7-m/libnosys.a(sbrk.o)
 *(COMMON)
 COMMON         0x00000000200004b8       0x54 build/main.o
                0x00000000200004b8                hi2c1
 COMMON         0x000000002000050c        0x4 build/stm32f1xx_hal.o
                0x000000002000050c                uwTick
 COMMON         0x0000000020000510        0x4 /home/logic/_workspace/STM32Toolchain/gcc-arm-none-eabi-7-2018-q2-update/bin/../lib/gcc/arm-none-eabi/7.3.1/../../../../arm-none-eabi/lib/thumb/v7-m/libc_nano.a(lib_a-reent.o)
                0x0000000020000510                errno
                0x0000000020000514                . = ALIGN (0x4)
                0x0000000020000514                _ebss = .
                0x0000000020000514                __bss_end__ = _ebss

._user_heap_stack
                0x0000000020000514      0x604 load address 0x00000000080053c0
                0x0000000020000518                . = ALIGN (0x8)
 *fill*         0x0000000020000514        0x4 
                0x0000000020000518                PROVIDE (end = .)
                [!provide]                        PROVIDE (_end = .)
                0x0000000020000718                . = (. + _Min_Heap_Size)
 *fill*         0x0000000020000518      0x200 
                0x0000000020000b18                . = (. + _Min_Stack_Size)
 *fill*         0x0000000020000718      0x400 
                0x0000000020000b18                . = ALIGN (0x8)

/DISCARD/
 libc.a(*)
 libm.a(*)
 libgcc.a(*)

.ARM.attributes
                0x0000000000000000       0x29
 *(.ARM.attributes)
 .ARM.attributes
                0x0000000000000000       0x1d /home/logic/_workspace/STM32Toolchain/gcc-arm-none-eabi-7-2018-q2-update/bin/../lib/gcc/arm-none-eabi/7.3.1/thumb/v7-m/crti.o
 .ARM.attributes
                0x000000000000001d       0x2d /home/logic/_workspace/STM32Toolchain/gcc-arm-none-eabi-7-2018-q2-update/bin/../lib/gcc/arm-none-eabi/7.3.1/thumb/v7-m/crtbegin.o
 .ARM.attributes
                0x000000000000004a       0x33 build/main.o
 .ARM.attributes
                0x000000000000007d       0x33 build/stm32f1xx_it.o
 .ARM.attributes
                0x00000000000000b0       0x33 build/stm32f1xx_hal_msp.o
 .ARM.attributes
                0x00000000000000e3       0x33 build/ssd1306.o
 .ARM.attributes
                0x0000000000000116       0x33 build/ssd1306_fonts.o
 .ARM.attributes
                0x0000000000000149       0x33 build/ssd1306_tests.o
 .ARM.attributes
                0x000000000000017c       0x33 build/stm32f1xx_hal_i2c.o
 .ARM.attributes
                0x00000000000001af       0x33 build/stm32f1xx_hal.o
 .ARM.attributes
                0x00000000000001e2       0x33 build/stm32f1xx_hal_rcc.o
 .ARM.attributes
                0x0000000000000215       0x33 build/stm32f1xx_hal_gpio.o
 .ARM.attributes
                0x0000000000000248       0x33 build/stm32f1xx_hal_cortex.o
 .ARM.attributes
                0x000000000000027b       0x33 build/system_stm32f1xx.o
 .ARM.attributes
                0x00000000000002ae       0x21 build/startup_stm32f103xb.o
 .ARM.attributes
                0x00000000000002cf       0x2d /home/logic/_workspace/STM32Toolchain/gcc-arm-none-eabi-7-2018-q2-update/bin/../lib/gcc/arm-none-eabi/7.3.1/../../../../arm-none-eabi/lib/thumb/v7-m/libc_nano.a(lib_a-impure.o)
 .ARM.attributes
                0x00000000000002fc       0x2d /home/logic/_workspace/STM32Toolchain/gcc-arm-none-eabi-7-2018-q2-update/bin/../lib/gcc/arm-none-eabi/7.3.1/../../../../arm-none-eabi/lib/thumb/v7-m/libc_nano.a(lib_a-init.o)
 .ARM.attributes
                0x0000000000000329       0x2d /home/logic/_workspace/STM32Toolchain/gcc-arm-none-eabi-7-2018-q2-update/bin/../lib/gcc/arm-none-eabi/7.3.1/../../../../arm-none-eabi/lib/thumb/v7-m/libc_nano.a(lib_a-memmove.o)
 .ARM.attributes
                0x0000000000000356       0x2d /home/logic/_workspace/STM32Toolchain/gcc-arm-none-eabi-7-2018-q2-update/bin/../lib/gcc/arm-none-eabi/7.3.1/../../../../arm-none-eabi/lib/thumb/v7-m/libc_nano.a(lib_a-memset.o)
 .ARM.attributes
                0x0000000000000383       0x2d /home/logic/_workspace/STM32Toolchain/gcc-arm-none-eabi-7-2018-q2-update/bin/../lib/gcc/arm-none-eabi/7.3.1/../../../../arm-none-eabi/lib/thumb/v7-m/libc_nano.a(lib_a-snprintf.o)
 .ARM.attributes
                0x00000000000003b0       0x2d /home/logic/_workspace/STM32Toolchain/gcc-arm-none-eabi-7-2018-q2-update/bin/../lib/gcc/arm-none-eabi/7.3.1/../../../../arm-none-eabi/lib/thumb/v7-m/libc_nano.a(lib_a-nano-svfprintf.o)
 .ARM.attributes
                0x00000000000003dd       0x2d /home/logic/_workspace/STM32Toolchain/gcc-arm-none-eabi-7-2018-q2-update/bin/../lib/gcc/arm-none-eabi/7.3.1/../../../../arm-none-eabi/lib/thumb/v7-m/libc_nano.a(lib_a-nano-vfprintf_i.o)
 .ARM.attributes
                0x000000000000040a       0x2d /home/logic/_workspace/STM32Toolchain/gcc-arm-none-eabi-7-2018-q2-update/bin/../lib/gcc/arm-none-eabi/7.3.1/../../../../arm-none-eabi/lib/thumb/v7-m/libc_nano.a(lib_a-memchr-stub.o)
 .ARM.attributes
                0x0000000000000437       0x2d /home/logic/_workspace/STM32Toolchain/gcc-arm-none-eabi-7-2018-q2-update/bin/../lib/gcc/arm-none-eabi/7.3.1/../../../../arm-none-eabi/lib/thumb/v7-m/libc_nano.a(lib_a-memcpy-stub.o)
 .ARM.attributes
                0x0000000000000464       0x2d /home/logic/_workspace/STM32Toolchain/gcc-arm-none-eabi-7-2018-q2-update/bin/../lib/gcc/arm-none-eabi/7.3.1/../../../../arm-none-eabi/lib/thumb/v7-m/libc_nano.a(lib_a-nano-freer.o)
 .ARM.attributes
                0x0000000000000491       0x2d /home/logic/_workspace/STM32Toolchain/gcc-arm-none-eabi-7-2018-q2-update/bin/../lib/gcc/arm-none-eabi/7.3.1/../../../../arm-none-eabi/lib/thumb/v7-m/libc_nano.a(lib_a-nano-mallocr.o)
 .ARM.attributes
                0x00000000000004be       0x2d /home/logic/_workspace/STM32Toolchain/gcc-arm-none-eabi-7-2018-q2-update/bin/../lib/gcc/arm-none-eabi/7.3.1/../../../../arm-none-eabi/lib/thumb/v7-m/libc_nano.a(lib_a-nano-reallocr.o)
 .ARM.attributes
                0x00000000000004eb       0x2d /home/logic/_workspace/STM32Toolchain/gcc-arm-none-eabi-7-2018-q2-update/bin/../lib/gcc/arm-none-eabi/7.3.1/../../../../arm-none-eabi/lib/thumb/v7-m/libc_nano.a(lib_a-sbrkr.o)
 .ARM.attributes
                0x0000000000000518       0x2d /home/logic/_workspace/STM32Toolchain/gcc-arm-none-eabi-7-2018-q2-update/bin/../lib/gcc/arm-none-eabi/7.3.1/../../../../arm-none-eabi/lib/thumb/v7-m/libc_nano.a(lib_a-mlock.o)
 .ARM.attributes
                0x0000000000000545       0x2d /home/logic/_workspace/STM32Toolchain/gcc-arm-none-eabi-7-2018-q2-update/bin/../lib/gcc/arm-none-eabi/7.3.1/../../../../arm-none-eabi/lib/thumb/v7-m/libc_nano.a(lib_a-nano-msizer.o)
 .ARM.attributes
                0x0000000000000572       0x2d /home/logic/_workspace/STM32Toolchain/gcc-arm-none-eabi-7-2018-q2-update/bin/../lib/gcc/arm-none-eabi/7.3.1/../../../../arm-none-eabi/lib/thumb/v7-m/libc_nano.a(lib_a-reent.o)
 .ARM.attributes
                0x000000000000059f       0x2d /home/logic/_workspace/STM32Toolchain/gcc-arm-none-eabi-7-2018-q2-update/bin/../lib/gcc/arm-none-eabi/7.3.1/../../../../arm-none-eabi/lib/thumb/v7-m/libnosys.a(sbrk.o)
 .ARM.attributes
                0x00000000000005cc       0x1d /home/logic/_workspace/STM32Toolchain/gcc-arm-none-eabi-7-2018-q2-update/bin/../lib/gcc/arm-none-eabi/7.3.1/thumb/v7-m/libgcc.a(_arm_addsubdf3.o)
 .ARM.attributes
                0x00000000000005e9       0x1d /home/logic/_workspace/STM32Toolchain/gcc-arm-none-eabi-7-2018-q2-update/bin/../lib/gcc/arm-none-eabi/7.3.1/thumb/v7-m/libgcc.a(_arm_muldivdf3.o)
 .ARM.attributes
                0x0000000000000606       0x1d /home/logic/_workspace/STM32Toolchain/gcc-arm-none-eabi-7-2018-q2-update/bin/../lib/gcc/arm-none-eabi/7.3.1/thumb/v7-m/libgcc.a(_arm_fixdfsi.o)
 .ARM.attributes
                0x0000000000000623       0x1d /home/logic/_workspace/STM32Toolchain/gcc-arm-none-eabi-7-2018-q2-update/bin/../lib/gcc/arm-none-eabi/7.3.1/thumb/v7-m/libgcc.a(_arm_addsubsf3.o)
 .ARM.attributes
                0x0000000000000640       0x1d /home/logic/_workspace/STM32Toolchain/gcc-arm-none-eabi-7-2018-q2-update/bin/../lib/gcc/arm-none-eabi/7.3.1/thumb/v7-m/crtn.o
OUTPUT(build/test_ssd1306.elf elf32-littlearm)

.debug_info     0x0000000000000000     0xf4ef
 .debug_info    0x0000000000000000     0x16b8 build/main.o
 .debug_info    0x00000000000016b8      0xb49 build/stm32f1xx_it.o
 .debug_info    0x0000000000002201     0x12d1 build/stm32f1xx_hal_msp.o
 .debug_info    0x00000000000034d2     0x1644 build/ssd1306.o
 .debug_info    0x0000000000004b16      0x1a4 build/ssd1306_fonts.o
 .debug_info    0x0000000000004cba     0x148c build/ssd1306_tests.o
 .debug_info    0x0000000000006146     0x3a8d build/stm32f1xx_hal_i2c.o
 .debug_info    0x0000000000009bd3     0x113a build/stm32f1xx_hal.o
 .debug_info    0x000000000000ad0d     0x13cd build/stm32f1xx_hal_rcc.o
 .debug_info    0x000000000000c0da     0x101e build/stm32f1xx_hal_gpio.o
 .debug_info    0x000000000000d0f8     0x1646 build/stm32f1xx_hal_cortex.o
 .debug_info    0x000000000000e73e      0xd8f build/system_stm32f1xx.o
 .debug_info    0x000000000000f4cd       0x22 build/startup_stm32f103xb.o

.debug_abbrev   0x0000000000000000     0x1e78
 .debug_abbrev  0x0000000000000000      0x2bd build/main.o
 .debug_abbrev  0x00000000000002bd      0x1e3 build/stm32f1xx_it.o
 .debug_abbrev  0x00000000000004a0      0x218 build/stm32f1xx_hal_msp.o
 .debug_abbrev  0x00000000000006b8      0x2af build/ssd1306.o
 .debug_abbrev  0x0000000000000967       0x9e build/ssd1306_fonts.o
 .debug_abbrev  0x0000000000000a05      0x25e build/ssd1306_tests.o
 .debug_abbrev  0x0000000000000c63      0x33a build/stm32f1xx_hal_i2c.o
 .debug_abbrev  0x0000000000000f9d      0x2fd build/stm32f1xx_hal.o
 .debug_abbrev  0x000000000000129a      0x332 build/stm32f1xx_hal_rcc.o
 .debug_abbrev  0x00000000000015cc      0x2be build/stm32f1xx_hal_gpio.o
 .debug_abbrev  0x000000000000188a      0x3d3 build/stm32f1xx_hal_cortex.o
 .debug_abbrev  0x0000000000001c5d      0x209 build/system_stm32f1xx.o
 .debug_abbrev  0x0000000000001e66       0x12 build/startup_stm32f103xb.o

.debug_loc      0x0000000000000000     0x5918
 .debug_loc     0x0000000000000000       0xf1 build/main.o
 .debug_loc     0x00000000000000f1       0x20 build/stm32f1xx_it.o
 .debug_loc     0x0000000000000111      0x104 build/stm32f1xx_hal_msp.o
 .debug_loc     0x0000000000000215      0x3b5 build/ssd1306.o
 .debug_loc     0x00000000000005ca      0x1ce build/ssd1306_tests.o
 .debug_loc     0x0000000000000798     0x3d23 build/stm32f1xx_hal_i2c.o
 .debug_loc     0x00000000000044bb      0x19d build/stm32f1xx_hal.o
 .debug_loc     0x0000000000004658      0x68e build/stm32f1xx_hal_rcc.o
 .debug_loc     0x0000000000004ce6      0x516 build/stm32f1xx_hal_gpio.o
 .debug_loc     0x00000000000051fc      0x63d build/stm32f1xx_hal_cortex.o
 .debug_loc     0x0000000000005839       0xdf build/system_stm32f1xx.o

.debug_aranges  0x0000000000000000      0x698
 .debug_aranges
                0x0000000000000000       0x50 build/main.o
 .debug_aranges
                0x0000000000000050       0x60 build/stm32f1xx_it.o
 .debug_aranges
                0x00000000000000b0       0x30 build/stm32f1xx_hal_msp.o
 .debug_aranges
                0x00000000000000e0       0x68 build/ssd1306.o
 .debug_aranges
                0x0000000000000148       0x18 build/ssd1306_fonts.o
 .debug_aranges
                0x0000000000000160       0x38 build/ssd1306_tests.o
 .debug_aranges
                0x0000000000000198      0x268 build/stm32f1xx_hal_i2c.o
 .debug_aranges
                0x0000000000000400       0xd0 build/stm32f1xx_hal.o
 .debug_aranges
                0x00000000000004d0       0x90 build/stm32f1xx_hal_rcc.o
 .debug_aranges
                0x0000000000000560       0x58 build/stm32f1xx_hal_gpio.o
 .debug_aranges
                0x00000000000005b8       0x90 build/stm32f1xx_hal_cortex.o
 .debug_aranges
                0x0000000000000648       0x28 build/system_stm32f1xx.o
 .debug_aranges
                0x0000000000000670       0x28 build/startup_stm32f103xb.o

.debug_ranges   0x0000000000000000      0x648
 .debug_ranges  0x0000000000000000       0x40 build/main.o
 .debug_ranges  0x0000000000000040       0x50 build/stm32f1xx_it.o
 .debug_ranges  0x0000000000000090       0x20 build/stm32f1xx_hal_msp.o
 .debug_ranges  0x00000000000000b0       0x58 build/ssd1306.o
 .debug_ranges  0x0000000000000108       0x28 build/ssd1306_tests.o
 .debug_ranges  0x0000000000000130      0x258 build/stm32f1xx_hal_i2c.o
 .debug_ranges  0x0000000000000388       0xc0 build/stm32f1xx_hal.o
 .debug_ranges  0x0000000000000448       0xa0 build/stm32f1xx_hal_rcc.o
 .debug_ranges  0x00000000000004e8       0x48 build/stm32f1xx_hal_gpio.o
 .debug_ranges  0x0000000000000530       0xe0 build/stm32f1xx_hal_cortex.o
 .debug_ranges  0x0000000000000610       0x18 build/system_stm32f1xx.o
 .debug_ranges  0x0000000000000628       0x20 build/startup_stm32f103xb.o

.debug_line     0x0000000000000000     0x3e9c
 .debug_line    0x0000000000000000      0x3cc build/main.o
 .debug_line    0x00000000000003cc      0x2e6 build/stm32f1xx_it.o
 .debug_line    0x00000000000006b2      0x30e build/stm32f1xx_hal_msp.o
 .debug_line    0x00000000000009c0      0x40b build/ssd1306.o
 .debug_line    0x0000000000000dcb      0x136 build/ssd1306_fonts.o
 .debug_line    0x0000000000000f01      0x3ef build/ssd1306_tests.o
 .debug_line    0x00000000000012f0     0x1562 build/stm32f1xx_hal_i2c.o
 .debug_line    0x0000000000002852      0x46a build/stm32f1xx_hal.o
 .debug_line    0x0000000000002cbc      0x5d5 build/stm32f1xx_hal_rcc.o
 .debug_line    0x0000000000003291      0x474 build/stm32f1xx_hal_gpio.o
 .debug_line    0x0000000000003705      0x460 build/stm32f1xx_hal_cortex.o
 .debug_line    0x0000000000003b65      0x2c5 build/system_stm32f1xx.o
 .debug_line    0x0000000000003e2a       0x72 build/startup_stm32f103xb.o

.debug_str      0x0000000000000000     0x232e
 .debug_str     0x0000000000000000      0xf9a build/main.o
                                       0x106d (size before relaxing)
 .debug_str     0x0000000000000f9a       0xaf build/stm32f1xx_it.o
                                        0x6c1 (size before relaxing)
 .debug_str     0x0000000000001049       0x89 build/stm32f1xx_hal_msp.o
                                        0xb9c (size before relaxing)
 .debug_str     0x00000000000010d2      0x195 build/ssd1306.o
                                        0xc26 (size before relaxing)
 .debug_str     0x0000000000001267       0x31 build/ssd1306_fonts.o
                                        0x1d3 (size before relaxing)
 .debug_str     0x0000000000001298       0x73 build/ssd1306_tests.o
                                        0xbca (size before relaxing)
 .debug_str     0x000000000000130b      0x80a build/stm32f1xx_hal_i2c.o
                                       0x132c (size before relaxing)
 .debug_str     0x0000000000001b15      0x223 build/stm32f1xx_hal.o
                                        0xc01 (size before relaxing)
 .debug_str     0x0000000000001d38      0x1b8 build/stm32f1xx_hal_rcc.o
                                        0xa6d (size before relaxing)
 .debug_str     0x0000000000001ef0      0x11e build/stm32f1xx_hal_gpio.o
                                        0x896 (size before relaxing)
 .debug_str     0x000000000000200e      0x2b2 build/stm32f1xx_hal_cortex.o
                                        0xd29 (size before relaxing)
 .debug_str     0x00000000000022c0       0x4a build/system_stm32f1xx.o
                                        0x6ff (size before relaxing)
 .debug_str     0x000000000000230a       0x24 build/startup_stm32f103xb.o
                                         0x44 (size before relaxing)

.comment        0x0000000000000000       0x7f
 .comment       0x0000000000000000       0x7f build/main.o
                                         0x80 (size before relaxing)
 .comment       0x000000000000007f       0x80 build/stm32f1xx_it.o
 .comment       0x000000000000007f       0x80 build/stm32f1xx_hal_msp.o
 .comment       0x000000000000007f       0x80 build/ssd1306.o
 .comment       0x000000000000007f       0x80 build/ssd1306_fonts.o
 .comment       0x000000000000007f       0x80 build/ssd1306_tests.o
 .comment       0x000000000000007f       0x80 build/stm32f1xx_hal_i2c.o
 .comment       0x000000000000007f       0x80 build/stm32f1xx_hal.o
 .comment       0x000000000000007f       0x80 build/stm32f1xx_hal_rcc.o
 .comment       0x000000000000007f       0x80 build/stm32f1xx_hal_gpio.o
 .comment       0x000000000000007f       0x80 build/stm32f1xx_hal_cortex.o
 .comment       0x000000000000007f       0x80 build/system_stm32f1xx.o

.debug_frame    0x0000000000000000     0x17f8
 .debug_frame   0x0000000000000000       0xd4 build/main.o
 .debug_frame   0x00000000000000d4       0xac build/stm32f1xx_it.o
 .debug_frame   0x0000000000000180       0x68 build/stm32f1xx_hal_msp.o
 .debug_frame   0x00000000000001e8      0x124 build/ssd1306.o
 .debug_frame   0x000000000000030c       0x94 build/ssd1306_tests.o
 .debug_frame   0x00000000000003a0      0x97c build/stm32f1xx_hal_i2c.o
 .debug_frame   0x0000000000000d1c      0x1c0 build/stm32f1xx_hal.o
 .debug_frame   0x0000000000000edc      0x194 build/stm32f1xx_hal_rcc.o
 .debug_frame   0x0000000000001070       0xe8 build/stm32f1xx_hal_gpio.o
 .debug_frame   0x0000000000001158      0x13c build/stm32f1xx_hal_cortex.o
 .debug_frame   0x0000000000001294       0x30 build/system_stm32f1xx.o
 .debug_frame   0x00000000000012c4       0x2c /home/logic/_workspace/STM32Toolchain/gcc-arm-none-eabi-7-2018-q2-update/bin/../lib/gcc/arm-none-eabi/7.3.1/../../../../arm-none-eabi/lib/thumb/v7-m/libc_nano.a(lib_a-init.o)
 .debug_frame   0x00000000000012f0       0x28 /home/logic/_workspace/STM32Toolchain/gcc-arm-none-eabi-7-2018-q2-update/bin/../lib/gcc/arm-none-eabi/7.3.1/../../../../arm-none-eabi/lib/thumb/v7-m/libc_nano.a(lib_a-memmove.o)
 .debug_frame   0x0000000000001318       0x20 /home/logic/_workspace/STM32Toolchain/gcc-arm-none-eabi-7-2018-q2-update/bin/../lib/gcc/arm-none-eabi/7.3.1/../../../../arm-none-eabi/lib/thumb/v7-m/libc_nano.a(lib_a-memset.o)
 .debug_frame   0x0000000000001338       0x7c /home/logic/_workspace/STM32Toolchain/gcc-arm-none-eabi-7-2018-q2-update/bin/../lib/gcc/arm-none-eabi/7.3.1/../../../../arm-none-eabi/lib/thumb/v7-m/libc_nano.a(lib_a-snprintf.o)
 .debug_frame   0x00000000000013b4       0x90 /home/logic/_workspace/STM32Toolchain/gcc-arm-none-eabi-7-2018-q2-update/bin/../lib/gcc/arm-none-eabi/7.3.1/../../../../arm-none-eabi/lib/thumb/v7-m/libc_nano.a(lib_a-nano-svfprintf.o)
 .debug_frame   0x0000000000001444       0x60 /home/logic/_workspace/STM32Toolchain/gcc-arm-none-eabi-7-2018-q2-update/bin/../lib/gcc/arm-none-eabi/7.3.1/../../../../arm-none-eabi/lib/thumb/v7-m/libc_nano.a(lib_a-nano-vfprintf_i.o)
 .debug_frame   0x00000000000014a4       0x28 /home/logic/_workspace/STM32Toolchain/gcc-arm-none-eabi-7-2018-q2-update/bin/../lib/gcc/arm-none-eabi/7.3.1/../../../../arm-none-eabi/lib/thumb/v7-m/libc_nano.a(lib_a-memchr-stub.o)
 .debug_frame   0x00000000000014cc       0x28 /home/logic/_workspace/STM32Toolchain/gcc-arm-none-eabi-7-2018-q2-update/bin/../lib/gcc/arm-none-eabi/7.3.1/../../../../arm-none-eabi/lib/thumb/v7-m/libc_nano.a(lib_a-memcpy-stub.o)
 .debug_frame   0x00000000000014f4       0x38 /home/logic/_workspace/STM32Toolchain/gcc-arm-none-eabi-7-2018-q2-update/bin/../lib/gcc/arm-none-eabi/7.3.1/../../../../arm-none-eabi/lib/thumb/v7-m/libc_nano.a(lib_a-nano-freer.o)
 .debug_frame   0x000000000000152c       0x2c /home/logic/_workspace/STM32Toolchain/gcc-arm-none-eabi-7-2018-q2-update/bin/../lib/gcc/arm-none-eabi/7.3.1/../../../../arm-none-eabi/lib/thumb/v7-m/libc_nano.a(lib_a-nano-mallocr.o)
 .debug_frame   0x0000000000001558       0x3c /home/logic/_workspace/STM32Toolchain/gcc-arm-none-eabi-7-2018-q2-update/bin/../lib/gcc/arm-none-eabi/7.3.1/../../../../arm-none-eabi/lib/thumb/v7-m/libc_nano.a(lib_a-nano-reallocr.o)
 .debug_frame   0x0000000000001594       0x2c /home/logic/_workspace/STM32Toolchain/gcc-arm-none-eabi-7-2018-q2-update/bin/../lib/gcc/arm-none-eabi/7.3.1/../../../../arm-none-eabi/lib/thumb/v7-m/libc_nano.a(lib_a-sbrkr.o)
 .debug_frame   0x00000000000015c0       0x30 /home/logic/_workspace/STM32Toolchain/gcc-arm-none-eabi-7-2018-q2-update/bin/../lib/gcc/arm-none-eabi/7.3.1/../../../../arm-none-eabi/lib/thumb/v7-m/libc_nano.a(lib_a-mlock.o)
 .debug_frame   0x00000000000015f0       0x20 /home/logic/_workspace/STM32Toolchain/gcc-arm-none-eabi-7-2018-q2-update/bin/../lib/gcc/arm-none-eabi/7.3.1/../../../../arm-none-eabi/lib/thumb/v7-m/libc_nano.a(lib_a-nano-msizer.o)
 .debug_frame   0x0000000000001610       0x5c /home/logic/_workspace/STM32Toolchain/gcc-arm-none-eabi-7-2018-q2-update/bin/../lib/gcc/arm-none-eabi/7.3.1/../../../../arm-none-eabi/lib/thumb/v7-m/libc_nano.a(lib_a-reent.o)
 .debug_frame   0x000000000000166c       0x20 /home/logic/_workspace/STM32Toolchain/gcc-arm-none-eabi-7-2018-q2-update/bin/../lib/gcc/arm-none-eabi/7.3.1/../../../../arm-none-eabi/lib/thumb/v7-m/libnosys.a(sbrk.o)
 .debug_frame   0x000000000000168c       0xac /home/logic/_workspace/STM32Toolchain/gcc-arm-none-eabi-7-2018-q2-update/bin/../lib/gcc/arm-none-eabi/7.3.1/thumb/v7-m/libgcc.a(_arm_addsubdf3.o)
 .debug_frame   0x0000000000001738       0x50 /home/logic/_workspace/STM32Toolchain/gcc-arm-none-eabi-7-2018-q2-update/bin/../lib/gcc/arm-none-eabi/7.3.1/thumb/v7-m/libgcc.a(_arm_muldivdf3.o)
 .debug_frame   0x0000000000001788       0x24 /home/logic/_workspace/STM32Toolchain/gcc-arm-none-eabi-7-2018-q2-update/bin/../lib/gcc/arm-none-eabi/7.3.1/thumb/v7-m/libgcc.a(_arm_fixdfsi.o)
 .debug_frame   0x00000000000017ac       0x4c /home/logic/_workspace/STM32Toolchain/gcc-arm-none-eabi-7-2018-q2-update/bin/../lib/gcc/arm-none-eabi/7.3.1/thumb/v7-m/libgcc.a(_arm_addsubsf3.o)

Cross Reference Table

Symbol                                            File
ADC1_2_IRQHandler                                 build/startup_stm32f103xb.o
AHBPrescTable                                     build/system_stm32f1xx.o
                                                  build/stm32f1xx_hal_rcc.o
APBPrescTable                                     build/system_stm32f1xx.o
                                                  build/stm32f1xx_hal_rcc.o
BusFault_Handler                                  build/stm32f1xx_it.o
CAN1_RX1_IRQHandler                               build/startup_stm32f103xb.o
CAN1_SCE_IRQHandler                               build/startup_stm32f103xb.o
DMA1_Channel1_IRQHandler                          build/startup_stm32f103xb.o
DMA1_Channel2_IRQHandler                          build/startup_stm32f103xb.o
DMA1_Channel3_IRQHandler                          build/startup_stm32f103xb.o
DMA1_Channel4_IRQHandler                          build/startup_stm32f103xb.o
DMA1_Channel5_IRQHandler                          build/startup_stm32f103xb.o
DMA1_Channel6_IRQHandler                          build/startup_stm32f103xb.o
DMA1_Channel7_IRQHandler                          build/startup_stm32f103xb.o
DebugMon_Handler                                  build/stm32f1xx_it.o
Default_Handler                                   build/startup_stm32f103xb.o
EXTI0_IRQHandler                                  build/startup_stm32f103xb.o
EXTI15_10_IRQHandler                              build/startup_stm32f103xb.o
EXTI1_IRQHandler                                  build/startup_stm32f103xb.o
EXTI2_IRQHandler                                  build/startup_stm32f103xb.o
EXTI3_IRQHandler                                  build/startup_stm32f103xb.o
EXTI4_IRQHandler                                  build/startup_stm32f103xb.o
EXTI9_5_IRQHandler                                build/startup_stm32f103xb.o
Error_Handler                                     build/main.o
FLASH_IRQHandler                                  build/startup_stm32f103xb.o
FLASH_PageErase                                   build/stm32f1xx_hal_flash_ex.o
                                                  build/stm32f1xx_hal_flash.o
FLASH_WaitForLastOperation                        build/stm32f1xx_hal_flash.o
                                                  build/stm32f1xx_hal_flash_ex.o
Font_11x18                                        build/ssd1306_fonts.o
                                                  build/ssd1306_tests.o
Font_16x26                                        build/ssd1306_fonts.o
                                                  build/ssd1306_tests.o
Font_7x10                                         build/ssd1306_fonts.o
                                                  build/ssd1306_tests.o
HAL_DBGMCU_DisableDBGSleepMode                    build/stm32f1xx_hal.o
HAL_DBGMCU_DisableDBGStandbyMode                  build/stm32f1xx_hal.o
HAL_DBGMCU_DisableDBGStopMode                     build/stm32f1xx_hal.o
HAL_DBGMCU_EnableDBGSleepMode                     build/stm32f1xx_hal.o
HAL_DBGMCU_EnableDBGStandbyMode                   build/stm32f1xx_hal.o
HAL_DBGMCU_EnableDBGStopMode                      build/stm32f1xx_hal.o
HAL_DMA_Abort                                     build/stm32f1xx_hal_dma.o
HAL_DMA_Abort_IT                                  build/stm32f1xx_hal_dma.o
                                                  build/stm32f1xx_hal_i2c.o
HAL_DMA_DeInit                                    build/stm32f1xx_hal_dma.o
HAL_DMA_GetError                                  build/stm32f1xx_hal_dma.o
HAL_DMA_GetState                                  build/stm32f1xx_hal_dma.o
HAL_DMA_IRQHandler                                build/stm32f1xx_hal_dma.o
HAL_DMA_Init                                      build/stm32f1xx_hal_dma.o
HAL_DMA_PollForTransfer                           build/stm32f1xx_hal_dma.o
HAL_DMA_RegisterCallback                          build/stm32f1xx_hal_dma.o
HAL_DMA_Start                                     build/stm32f1xx_hal_dma.o
HAL_DMA_Start_IT                                  build/stm32f1xx_hal_dma.o
                                                  build/stm32f1xx_hal_i2c.o
HAL_DMA_UnRegisterCallback                        build/stm32f1xx_hal_dma.o
HAL_DeInit                                        build/stm32f1xx_hal.o
HAL_Delay                                         build/stm32f1xx_hal.o
                                                  build/ssd1306_tests.o
                                                  build/ssd1306.o
                                                  build/main.o
HAL_FLASHEx_Erase                                 build/stm32f1xx_hal_flash_ex.o
HAL_FLASHEx_Erase_IT                              build/stm32f1xx_hal_flash_ex.o
HAL_FLASHEx_OBErase                               build/stm32f1xx_hal_flash_ex.o
HAL_FLASHEx_OBGetConfig                           build/stm32f1xx_hal_flash_ex.o
HAL_FLASHEx_OBGetUserData                         build/stm32f1xx_hal_flash_ex.o
HAL_FLASHEx_OBProgram                             build/stm32f1xx_hal_flash_ex.o
HAL_FLASH_EndOfOperationCallback                  build/stm32f1xx_hal_flash.o
HAL_FLASH_GetError                                build/stm32f1xx_hal_flash.o
HAL_FLASH_IRQHandler                              build/stm32f1xx_hal_flash.o
HAL_FLASH_Lock                                    build/stm32f1xx_hal_flash.o
HAL_FLASH_OB_Launch                               build/stm32f1xx_hal_flash.o
HAL_FLASH_OB_Lock                                 build/stm32f1xx_hal_flash.o
HAL_FLASH_OB_Unlock                               build/stm32f1xx_hal_flash.o
HAL_FLASH_OperationErrorCallback                  build/stm32f1xx_hal_flash.o
HAL_FLASH_Program                                 build/stm32f1xx_hal_flash.o
HAL_FLASH_Program_IT                              build/stm32f1xx_hal_flash.o
HAL_FLASH_Unlock                                  build/stm32f1xx_hal_flash.o
HAL_GPIOEx_ConfigEventout                         build/stm32f1xx_hal_gpio_ex.o
HAL_GPIOEx_DisableEventout                        build/stm32f1xx_hal_gpio_ex.o
HAL_GPIOEx_EnableEventout                         build/stm32f1xx_hal_gpio_ex.o
HAL_GPIO_DeInit                                   build/stm32f1xx_hal_gpio.o
                                                  build/stm32f1xx_hal_msp.o
HAL_GPIO_EXTI_Callback                            build/stm32f1xx_hal_gpio.o
HAL_GPIO_EXTI_IRQHandler                          build/stm32f1xx_hal_gpio.o
HAL_GPIO_Init                                     build/stm32f1xx_hal_gpio.o
                                                  build/stm32f1xx_hal_rcc.o
                                                  build/stm32f1xx_hal_msp.o
                                                  build/main.o
HAL_GPIO_LockPin                                  build/stm32f1xx_hal_gpio.o
HAL_GPIO_ReadPin                                  build/stm32f1xx_hal_gpio.o
HAL_GPIO_TogglePin                                build/stm32f1xx_hal_gpio.o
HAL_GPIO_WritePin                                 build/stm32f1xx_hal_gpio.o
                                                  build/main.o
HAL_GetDEVID                                      build/stm32f1xx_hal.o
HAL_GetHalVersion                                 build/stm32f1xx_hal.o
HAL_GetREVID                                      build/stm32f1xx_hal.o
HAL_GetTick                                       build/stm32f1xx_hal.o
                                                  build/stm32f1xx_hal_flash.o
                                                  build/stm32f1xx_hal_dma.o
                                                  build/stm32f1xx_hal_rcc_ex.o
                                                  build/stm32f1xx_hal_rcc.o
                                                  build/stm32f1xx_hal_i2c.o
                                                  build/ssd1306_tests.o
HAL_GetTickFreq                                   build/stm32f1xx_hal.o
HAL_GetTickPrio                                   build/stm32f1xx_hal.o
HAL_GetUID                                        build/stm32f1xx_hal.o
HAL_I2C_AbortCpltCallback                         build/stm32f1xx_hal_i2c.o
HAL_I2C_AddrCallback                              build/stm32f1xx_hal_i2c.o
HAL_I2C_DeInit                                    build/stm32f1xx_hal_i2c.o
HAL_I2C_DisableListen_IT                          build/stm32f1xx_hal_i2c.o
HAL_I2C_ER_IRQHandler                             build/stm32f1xx_hal_i2c.o
HAL_I2C_EV_IRQHandler                             build/stm32f1xx_hal_i2c.o
HAL_I2C_EnableListen_IT                           build/stm32f1xx_hal_i2c.o
HAL_I2C_ErrorCallback                             build/stm32f1xx_hal_i2c.o
HAL_I2C_GetError                                  build/stm32f1xx_hal_i2c.o
HAL_I2C_GetMode                                   build/stm32f1xx_hal_i2c.o
HAL_I2C_GetState                                  build/stm32f1xx_hal_i2c.o
HAL_I2C_Init                                      build/stm32f1xx_hal_i2c.o
                                                  build/main.o
HAL_I2C_IsDeviceReady                             build/stm32f1xx_hal_i2c.o
HAL_I2C_ListenCpltCallback                        build/stm32f1xx_hal_i2c.o
HAL_I2C_MasterRxCpltCallback                      build/stm32f1xx_hal_i2c.o
HAL_I2C_MasterTxCpltCallback                      build/stm32f1xx_hal_i2c.o
HAL_I2C_Master_Abort_IT                           build/stm32f1xx_hal_i2c.o
HAL_I2C_Master_Receive                            build/stm32f1xx_hal_i2c.o
HAL_I2C_Master_Receive_DMA                        build/stm32f1xx_hal_i2c.o
HAL_I2C_Master_Receive_IT                         build/stm32f1xx_hal_i2c.o
HAL_I2C_Master_Sequential_Receive_IT              build/stm32f1xx_hal_i2c.o
HAL_I2C_Master_Sequential_Transmit_IT             build/stm32f1xx_hal_i2c.o
HAL_I2C_Master_Transmit                           build/stm32f1xx_hal_i2c.o
HAL_I2C_Master_Transmit_DMA                       build/stm32f1xx_hal_i2c.o
HAL_I2C_Master_Transmit_IT                        build/stm32f1xx_hal_i2c.o
HAL_I2C_MemRxCpltCallback                         build/stm32f1xx_hal_i2c.o
HAL_I2C_MemTxCpltCallback                         build/stm32f1xx_hal_i2c.o
HAL_I2C_Mem_Read                                  build/stm32f1xx_hal_i2c.o
HAL_I2C_Mem_Read_DMA                              build/stm32f1xx_hal_i2c.o
HAL_I2C_Mem_Read_IT                               build/stm32f1xx_hal_i2c.o
HAL_I2C_Mem_Write                                 build/stm32f1xx_hal_i2c.o
                                                  build/ssd1306.o
HAL_I2C_Mem_Write_DMA                             build/stm32f1xx_hal_i2c.o
HAL_I2C_Mem_Write_IT                              build/stm32f1xx_hal_i2c.o
HAL_I2C_MspDeInit                                 build/stm32f1xx_hal_msp.o
HAL_I2C_MspInit                                   build/stm32f1xx_hal_msp.o
HAL_I2C_SlaveRxCpltCallback                       build/stm32f1xx_hal_i2c.o
HAL_I2C_SlaveTxCpltCallback                       build/stm32f1xx_hal_i2c.o
HAL_I2C_Slave_Receive                             build/stm32f1xx_hal_i2c.o
HAL_I2C_Slave_Receive_DMA                         build/stm32f1xx_hal_i2c.o
HAL_I2C_Slave_Receive_IT                          build/stm32f1xx_hal_i2c.o
HAL_I2C_Slave_Sequential_Receive_IT               build/stm32f1xx_hal_i2c.o
HAL_I2C_Slave_Sequential_Transmit_IT              build/stm32f1xx_hal_i2c.o
HAL_I2C_Slave_Transmit                            build/stm32f1xx_hal_i2c.o
HAL_I2C_Slave_Transmit_DMA                        build/stm32f1xx_hal_i2c.o
HAL_I2C_Slave_Transmit_IT                         build/stm32f1xx_hal_i2c.o
HAL_IncTick                                       build/stm32f1xx_hal.o
                                                  build/stm32f1xx_it.o
HAL_Init                                          build/stm32f1xx_hal.o
                                                  build/main.o
HAL_InitTick                                      build/stm32f1xx_hal.o
                                                  build/stm32f1xx_hal_rcc.o
HAL_MspDeInit                                     build/stm32f1xx_hal.o
HAL_MspInit                                       build/stm32f1xx_hal_msp.o
HAL_NVIC_ClearPendingIRQ                          build/stm32f1xx_hal_cortex.o
HAL_NVIC_DisableIRQ                               build/stm32f1xx_hal_cortex.o
HAL_NVIC_EnableIRQ                                build/stm32f1xx_hal_cortex.o
HAL_NVIC_GetActive                                build/stm32f1xx_hal_cortex.o
HAL_NVIC_GetPendingIRQ                            build/stm32f1xx_hal_cortex.o
HAL_NVIC_GetPriority                              build/stm32f1xx_hal_cortex.o
HAL_NVIC_GetPriorityGrouping                      build/stm32f1xx_hal_cortex.o
HAL_NVIC_SetPendingIRQ                            build/stm32f1xx_hal_cortex.o
HAL_NVIC_SetPriority                              build/stm32f1xx_hal_cortex.o
                                                  build/stm32f1xx_hal.o
                                                  build/main.o
HAL_NVIC_SetPriorityGrouping                      build/stm32f1xx_hal_cortex.o
                                                  build/stm32f1xx_hal.o
HAL_NVIC_SystemReset                              build/stm32f1xx_hal_cortex.o
                                                  build/stm32f1xx_hal_flash.o
HAL_PWR_ConfigPVD                                 build/stm32f1xx_hal_pwr.o
HAL_PWR_DeInit                                    build/stm32f1xx_hal_pwr.o
HAL_PWR_DisableBkUpAccess                         build/stm32f1xx_hal_pwr.o
HAL_PWR_DisablePVD                                build/stm32f1xx_hal_pwr.o
HAL_PWR_DisableSEVOnPend                          build/stm32f1xx_hal_pwr.o
HAL_PWR_DisableSleepOnExit                        build/stm32f1xx_hal_pwr.o
HAL_PWR_DisableWakeUpPin                          build/stm32f1xx_hal_pwr.o
HAL_PWR_EnableBkUpAccess                          build/stm32f1xx_hal_pwr.o
HAL_PWR_EnablePVD                                 build/stm32f1xx_hal_pwr.o
HAL_PWR_EnableSEVOnPend                           build/stm32f1xx_hal_pwr.o
HAL_PWR_EnableSleepOnExit                         build/stm32f1xx_hal_pwr.o
HAL_PWR_EnableWakeUpPin                           build/stm32f1xx_hal_pwr.o
HAL_PWR_EnterSLEEPMode                            build/stm32f1xx_hal_pwr.o
HAL_PWR_EnterSTANDBYMode                          build/stm32f1xx_hal_pwr.o
HAL_PWR_EnterSTOPMode                             build/stm32f1xx_hal_pwr.o
HAL_PWR_PVDCallback                               build/stm32f1xx_hal_pwr.o
HAL_PWR_PVD_IRQHandler                            build/stm32f1xx_hal_pwr.o
HAL_RCCEx_GetPeriphCLKConfig                      build/stm32f1xx_hal_rcc_ex.o
HAL_RCCEx_GetPeriphCLKFreq                        build/stm32f1xx_hal_rcc_ex.o
HAL_RCCEx_PeriphCLKConfig                         build/stm32f1xx_hal_rcc_ex.o
HAL_RCC_CSSCallback                               build/stm32f1xx_hal_rcc.o
HAL_RCC_ClockConfig                               build/stm32f1xx_hal_rcc.o
                                                  build/main.o
HAL_RCC_DeInit                                    build/stm32f1xx_hal_rcc.o
HAL_RCC_DisableCSS                                build/stm32f1xx_hal_rcc.o
HAL_RCC_EnableCSS                                 build/stm32f1xx_hal_rcc.o
HAL_RCC_GetClockConfig                            build/stm32f1xx_hal_rcc.o
HAL_RCC_GetHCLKFreq                               build/stm32f1xx_hal_rcc.o
                                                  build/main.o
HAL_RCC_GetOscConfig                              build/stm32f1xx_hal_rcc.o
HAL_RCC_GetPCLK1Freq                              build/stm32f1xx_hal_rcc.o
                                                  build/stm32f1xx_hal_i2c.o
HAL_RCC_GetPCLK2Freq                              build/stm32f1xx_hal_rcc.o
                                                  build/stm32f1xx_hal_rcc_ex.o
HAL_RCC_GetSysClockFreq                           build/stm32f1xx_hal_rcc.o
HAL_RCC_MCOConfig                                 build/stm32f1xx_hal_rcc.o
HAL_RCC_NMI_IRQHandler                            build/stm32f1xx_hal_rcc.o
HAL_RCC_OscConfig                                 build/stm32f1xx_hal_rcc.o
                                                  build/main.o
HAL_ResumeTick                                    build/stm32f1xx_hal.o
HAL_SYSTICK_CLKSourceConfig                       build/stm32f1xx_hal_cortex.o
                                                  build/main.o
HAL_SYSTICK_Callback                              build/stm32f1xx_hal_cortex.o
HAL_SYSTICK_Config                                build/stm32f1xx_hal_cortex.o
                                                  build/stm32f1xx_hal.o
                                                  build/main.o
HAL_SYSTICK_IRQHandler                            build/stm32f1xx_hal_cortex.o
HAL_SetTickFreq                                   build/stm32f1xx_hal.o
HAL_SuspendTick                                   build/stm32f1xx_hal.o
HardFault_Handler                                 build/stm32f1xx_it.o
I2C1_ER_IRQHandler                                build/startup_stm32f103xb.o
I2C1_EV_IRQHandler                                build/startup_stm32f103xb.o
I2C2_ER_IRQHandler                                build/startup_stm32f103xb.o
I2C2_EV_IRQHandler                                build/startup_stm32f103xb.o
MemManage_Handler                                 build/stm32f1xx_it.o
NMI_Handler                                       build/stm32f1xx_it.o
PVD_IRQHandler                                    build/startup_stm32f103xb.o
PendSV_Handler                                    build/stm32f1xx_it.o
RCC_IRQHandler                                    build/startup_stm32f103xb.o
RTC_Alarm_IRQHandler                              build/startup_stm32f103xb.o
RTC_IRQHandler                                    build/startup_stm32f103xb.o
Reset_Handler                                     build/startup_stm32f103xb.o
SPI1_IRQHandler                                   build/startup_stm32f103xb.o
SPI2_IRQHandler                                   build/startup_stm32f103xb.o
SVC_Handler                                       build/stm32f1xx_it.o
SysTick_Handler                                   build/stm32f1xx_it.o
SystemClock_Config                                build/main.o
SystemCoreClock                                   build/system_stm32f1xx.o
                                                  build/stm32f1xx_hal_rcc.o
                                                  build/stm32f1xx_hal.o
                                                  build/stm32f1xx_hal_i2c.o
SystemCoreClockUpdate                             build/system_stm32f1xx.o
SystemInit                                        build/system_stm32f1xx.o
                                                  build/startup_stm32f103xb.o
TAMPER_IRQHandler                                 build/startup_stm32f103xb.o
TIM1_BRK_IRQHandler                               build/startup_stm32f103xb.o
TIM1_CC_IRQHandler                                build/startup_stm32f103xb.o
TIM1_TRG_COM_IRQHandler                           build/startup_stm32f103xb.o
TIM1_UP_IRQHandler                                build/startup_stm32f103xb.o
TIM2_IRQHandler                                   build/startup_stm32f103xb.o
TIM3_IRQHandler                                   build/startup_stm32f103xb.o
TIM4_IRQHandler                                   build/startup_stm32f103xb.o
USART1_IRQHandler                                 build/startup_stm32f103xb.o
USART2_IRQHandler                                 build/startup_stm32f103xb.o
USART3_IRQHandler                                 build/startup_stm32f103xb.o
USBWakeUp_IRQHandler                              build/startup_stm32f103xb.o
USB_HP_CAN1_TX_IRQHandler                         build/startup_stm32f103xb.o
USB_LP_CAN1_RX0_IRQHandler                        build/startup_stm32f103xb.o
UsageFault_Handler                                build/stm32f1xx_it.o
WWDG_IRQHandler                                   build/startup_stm32f103xb.o
__adddf3                                          /home/logic/_workspace/STM32Toolchain/gcc-arm-none-eabi-7-2018-q2-update/bin/../lib/gcc/arm-none-eabi/7.3.1/thumb/v7-m/libgcc.a(_arm_addsubdf3.o)
__addsf3                                          /home/logic/_workspace/STM32Toolchain/gcc-arm-none-eabi-7-2018-q2-update/bin/../lib/gcc/arm-none-eabi/7.3.1/thumb/v7-m/libgcc.a(_arm_addsubsf3.o)
__aeabi_d2iz                                      /home/logic/_workspace/STM32Toolchain/gcc-arm-none-eabi-7-2018-q2-update/bin/../lib/gcc/arm-none-eabi/7.3.1/thumb/v7-m/libgcc.a(_arm_fixdfsi.o)
                                                  build/ssd1306_tests.o
__aeabi_dadd                                      /home/logic/_workspace/STM32Toolchain/gcc-arm-none-eabi-7-2018-q2-update/bin/../lib/gcc/arm-none-eabi/7.3.1/thumb/v7-m/libgcc.a(_arm_addsubdf3.o)
__aeabi_ddiv                                      /home/logic/_workspace/STM32Toolchain/gcc-arm-none-eabi-7-2018-q2-update/bin/../lib/gcc/arm-none-eabi/7.3.1/thumb/v7-m/libgcc.a(_arm_muldivdf3.o)
                                                  build/ssd1306_tests.o
__aeabi_dmul                                      /home/logic/_workspace/STM32Toolchain/gcc-arm-none-eabi-7-2018-q2-update/bin/../lib/gcc/arm-none-eabi/7.3.1/thumb/v7-m/libgcc.a(_arm_muldivdf3.o)
__aeabi_drsub                                     /home/logic/_workspace/STM32Toolchain/gcc-arm-none-eabi-7-2018-q2-update/bin/../lib/gcc/arm-none-eabi/7.3.1/thumb/v7-m/libgcc.a(_arm_addsubdf3.o)
__aeabi_dsub                                      /home/logic/_workspace/STM32Toolchain/gcc-arm-none-eabi-7-2018-q2-update/bin/../lib/gcc/arm-none-eabi/7.3.1/thumb/v7-m/libgcc.a(_arm_addsubdf3.o)
__aeabi_f2d                                       /home/logic/_workspace/STM32Toolchain/gcc-arm-none-eabi-7-2018-q2-update/bin/../lib/gcc/arm-none-eabi/7.3.1/thumb/v7-m/libgcc.a(_arm_addsubdf3.o)
                                                  build/ssd1306_tests.o
__aeabi_fadd                                      /home/logic/_workspace/STM32Toolchain/gcc-arm-none-eabi-7-2018-q2-update/bin/../lib/gcc/arm-none-eabi/7.3.1/thumb/v7-m/libgcc.a(_arm_addsubsf3.o)
__aeabi_frsub                                     /home/logic/_workspace/STM32Toolchain/gcc-arm-none-eabi-7-2018-q2-update/bin/../lib/gcc/arm-none-eabi/7.3.1/thumb/v7-m/libgcc.a(_arm_addsubsf3.o)
__aeabi_fsub                                      /home/logic/_workspace/STM32Toolchain/gcc-arm-none-eabi-7-2018-q2-update/bin/../lib/gcc/arm-none-eabi/7.3.1/thumb/v7-m/libgcc.a(_arm_addsubsf3.o)
__aeabi_i2d                                       /home/logic/_workspace/STM32Toolchain/gcc-arm-none-eabi-7-2018-q2-update/bin/../lib/gcc/arm-none-eabi/7.3.1/thumb/v7-m/libgcc.a(_arm_addsubdf3.o)
__aeabi_i2f                                       /home/logic/_workspace/STM32Toolchain/gcc-arm-none-eabi-7-2018-q2-update/bin/../lib/gcc/arm-none-eabi/7.3.1/thumb/v7-m/libgcc.a(_arm_addsubsf3.o)
                                                  build/ssd1306_tests.o
__aeabi_l2d                                       /home/logic/_workspace/STM32Toolchain/gcc-arm-none-eabi-7-2018-q2-update/bin/../lib/gcc/arm-none-eabi/7.3.1/thumb/v7-m/libgcc.a(_arm_addsubdf3.o)
__aeabi_l2f                                       /home/logic/_workspace/STM32Toolchain/gcc-arm-none-eabi-7-2018-q2-update/bin/../lib/gcc/arm-none-eabi/7.3.1/thumb/v7-m/libgcc.a(_arm_addsubsf3.o)
__aeabi_ui2d                                      /home/logic/_workspace/STM32Toolchain/gcc-arm-none-eabi-7-2018-q2-update/bin/../lib/gcc/arm-none-eabi/7.3.1/thumb/v7-m/libgcc.a(_arm_addsubdf3.o)
                                                  build/ssd1306_tests.o
__aeabi_ui2f                                      /home/logic/_workspace/STM32Toolchain/gcc-arm-none-eabi-7-2018-q2-update/bin/../lib/gcc/arm-none-eabi/7.3.1/thumb/v7-m/libgcc.a(_arm_addsubsf3.o)
__aeabi_ul2d                                      /home/logic/_workspace/STM32Toolchain/gcc-arm-none-eabi-7-2018-q2-update/bin/../lib/gcc/arm-none-eabi/7.3.1/thumb/v7-m/libgcc.a(_arm_addsubdf3.o)
__aeabi_ul2f                                      /home/logic/_workspace/STM32Toolchain/gcc-arm-none-eabi-7-2018-q2-update/bin/../lib/gcc/arm-none-eabi/7.3.1/thumb/v7-m/libgcc.a(_arm_addsubsf3.o)
__bss_end__                                       /home/logic/_workspace/STM32Toolchain/gcc-arm-none-eabi-7-2018-q2-update/bin/../lib/gcc/arm-none-eabi/7.3.1/../../../../arm-none-eabi/lib/thumb/v7-m/crt0.o
__bss_start__                                     /home/logic/_workspace/STM32Toolchain/gcc-arm-none-eabi-7-2018-q2-update/bin/../lib/gcc/arm-none-eabi/7.3.1/../../../../arm-none-eabi/lib/thumb/v7-m/crt0.o
__call_exitprocs                                  /home/logic/_workspace/STM32Toolchain/gcc-arm-none-eabi-7-2018-q2-update/bin/../lib/gcc/arm-none-eabi/7.3.1/../../../../arm-none-eabi/lib/thumb/v7-m/libc_nano.a(lib_a-exit.o)
__deregister_frame_info                           /home/logic/_workspace/STM32Toolchain/gcc-arm-none-eabi-7-2018-q2-update/bin/../lib/gcc/arm-none-eabi/7.3.1/thumb/v7-m/crtbegin.o
__divdf3                                          /home/logic/_workspace/STM32Toolchain/gcc-arm-none-eabi-7-2018-q2-update/bin/../lib/gcc/arm-none-eabi/7.3.1/thumb/v7-m/libgcc.a(_arm_muldivdf3.o)
__dso_handle                                      /home/logic/_workspace/STM32Toolchain/gcc-arm-none-eabi-7-2018-q2-update/bin/../lib/gcc/arm-none-eabi/7.3.1/thumb/v7-m/crtbegin.o
__extendsfdf2                                     /home/logic/_workspace/STM32Toolchain/gcc-arm-none-eabi-7-2018-q2-update/bin/../lib/gcc/arm-none-eabi/7.3.1/thumb/v7-m/libgcc.a(_arm_addsubdf3.o)
__fixdfsi                                         /home/logic/_workspace/STM32Toolchain/gcc-arm-none-eabi-7-2018-q2-update/bin/../lib/gcc/arm-none-eabi/7.3.1/thumb/v7-m/libgcc.a(_arm_fixdfsi.o)
__floatdidf                                       /home/logic/_workspace/STM32Toolchain/gcc-arm-none-eabi-7-2018-q2-update/bin/../lib/gcc/arm-none-eabi/7.3.1/thumb/v7-m/libgcc.a(_arm_addsubdf3.o)
__floatdisf                                       /home/logic/_workspace/STM32Toolchain/gcc-arm-none-eabi-7-2018-q2-update/bin/../lib/gcc/arm-none-eabi/7.3.1/thumb/v7-m/libgcc.a(_arm_addsubsf3.o)
__floatsidf                                       /home/logic/_workspace/STM32Toolchain/gcc-arm-none-eabi-7-2018-q2-update/bin/../lib/gcc/arm-none-eabi/7.3.1/thumb/v7-m/libgcc.a(_arm_addsubdf3.o)
__floatsisf                                       /home/logic/_workspace/STM32Toolchain/gcc-arm-none-eabi-7-2018-q2-update/bin/../lib/gcc/arm-none-eabi/7.3.1/thumb/v7-m/libgcc.a(_arm_addsubsf3.o)
__floatundidf                                     /home/logic/_workspace/STM32Toolchain/gcc-arm-none-eabi-7-2018-q2-update/bin/../lib/gcc/arm-none-eabi/7.3.1/thumb/v7-m/libgcc.a(_arm_addsubdf3.o)
__floatundisf                                     /home/logic/_workspace/STM32Toolchain/gcc-arm-none-eabi-7-2018-q2-update/bin/../lib/gcc/arm-none-eabi/7.3.1/thumb/v7-m/libgcc.a(_arm_addsubsf3.o)
__floatunsidf                                     /home/logic/_workspace/STM32Toolchain/gcc-arm-none-eabi-7-2018-q2-update/bin/../lib/gcc/arm-none-eabi/7.3.1/thumb/v7-m/libgcc.a(_arm_addsubdf3.o)
__floatunsisf                                     /home/logic/_workspace/STM32Toolchain/gcc-arm-none-eabi-7-2018-q2-update/bin/../lib/gcc/arm-none-eabi/7.3.1/thumb/v7-m/libgcc.a(_arm_addsubsf3.o)
__init_array_end                                  /home/logic/_workspace/STM32Toolchain/gcc-arm-none-eabi-7-2018-q2-update/bin/../lib/gcc/arm-none-eabi/7.3.1/../../../../arm-none-eabi/lib/thumb/v7-m/libc_nano.a(lib_a-init.o)
__init_array_start                                /home/logic/_workspace/STM32Toolchain/gcc-arm-none-eabi-7-2018-q2-update/bin/../lib/gcc/arm-none-eabi/7.3.1/../../../../arm-none-eabi/lib/thumb/v7-m/libc_nano.a(lib_a-init.o)
__libc_fini_array                                 /home/logic/_workspace/STM32Toolchain/gcc-arm-none-eabi-7-2018-q2-update/bin/../lib/gcc/arm-none-eabi/7.3.1/../../../../arm-none-eabi/lib/thumb/v7-m/crt0.o
__libc_init_array                                 /home/logic/_workspace/STM32Toolchain/gcc-arm-none-eabi-7-2018-q2-update/bin/../lib/gcc/arm-none-eabi/7.3.1/../../../../arm-none-eabi/lib/thumb/v7-m/libc_nano.a(lib_a-init.o)
                                                  build/startup_stm32f103xb.o
                                                  /home/logic/_workspace/STM32Toolchain/gcc-arm-none-eabi-7-2018-q2-update/bin/../lib/gcc/arm-none-eabi/7.3.1/../../../../arm-none-eabi/lib/thumb/v7-m/crt0.o
__malloc_free_list                                /home/logic/_workspace/STM32Toolchain/gcc-arm-none-eabi-7-2018-q2-update/bin/../lib/gcc/arm-none-eabi/7.3.1/../../../../arm-none-eabi/lib/thumb/v7-m/libc_nano.a(lib_a-nano-mallocr.o)
                                                  /home/logic/_workspace/STM32Toolchain/gcc-arm-none-eabi-7-2018-q2-update/bin/../lib/gcc/arm-none-eabi/7.3.1/../../../../arm-none-eabi/lib/thumb/v7-m/libc_nano.a(lib_a-nano-freer.o)
__malloc_lock                                     /home/logic/_workspace/STM32Toolchain/gcc-arm-none-eabi-7-2018-q2-update/bin/../lib/gcc/arm-none-eabi/7.3.1/../../../../arm-none-eabi/lib/thumb/v7-m/libc_nano.a(lib_a-mlock.o)
                                                  /home/logic/_workspace/STM32Toolchain/gcc-arm-none-eabi-7-2018-q2-update/bin/../lib/gcc/arm-none-eabi/7.3.1/../../../../arm-none-eabi/lib/thumb/v7-m/libc_nano.a(lib_a-nano-mallocr.o)
                                                  /home/logic/_workspace/STM32Toolchain/gcc-arm-none-eabi-7-2018-q2-update/bin/../lib/gcc/arm-none-eabi/7.3.1/../../../../arm-none-eabi/lib/thumb/v7-m/libc_nano.a(lib_a-nano-freer.o)
__malloc_sbrk_start                               /home/logic/_workspace/STM32Toolchain/gcc-arm-none-eabi-7-2018-q2-update/bin/../lib/gcc/arm-none-eabi/7.3.1/../../../../arm-none-eabi/lib/thumb/v7-m/libc_nano.a(lib_a-nano-mallocr.o)
__malloc_unlock                                   /home/logic/_workspace/STM32Toolchain/gcc-arm-none-eabi-7-2018-q2-update/bin/../lib/gcc/arm-none-eabi/7.3.1/../../../../arm-none-eabi/lib/thumb/v7-m/libc_nano.a(lib_a-mlock.o)
                                                  /home/logic/_workspace/STM32Toolchain/gcc-arm-none-eabi-7-2018-q2-update/bin/../lib/gcc/arm-none-eabi/7.3.1/../../../../arm-none-eabi/lib/thumb/v7-m/libc_nano.a(lib_a-nano-mallocr.o)
                                                  /home/logic/_workspace/STM32Toolchain/gcc-arm-none-eabi-7-2018-q2-update/bin/../lib/gcc/arm-none-eabi/7.3.1/../../../../arm-none-eabi/lib/thumb/v7-m/libc_nano.a(lib_a-nano-freer.o)
__muldf3                                          /home/logic/_workspace/STM32Toolchain/gcc-arm-none-eabi-7-2018-q2-update/bin/../lib/gcc/arm-none-eabi/7.3.1/thumb/v7-m/libgcc.a(_arm_muldivdf3.o)
__preinit_array_end                               /home/logic/_workspace/STM32Toolchain/gcc-arm-none-eabi-7-2018-q2-update/bin/../lib/gcc/arm-none-eabi/7.3.1/../../../../arm-none-eabi/lib/thumb/v7-m/libc_nano.a(lib_a-init.o)
__preinit_array_start                             /home/logic/_workspace/STM32Toolchain/gcc-arm-none-eabi-7-2018-q2-update/bin/../lib/gcc/arm-none-eabi/7.3.1/../../../../arm-none-eabi/lib/thumb/v7-m/libc_nano.a(lib_a-init.o)
__register_frame_info                             /home/logic/_workspace/STM32Toolchain/gcc-arm-none-eabi-7-2018-q2-update/bin/../lib/gcc/arm-none-eabi/7.3.1/thumb/v7-m/crtbegin.o
__sf_fake_stderr                                  /home/logic/_workspace/STM32Toolchain/gcc-arm-none-eabi-7-2018-q2-update/bin/../lib/gcc/arm-none-eabi/7.3.1/../../../../arm-none-eabi/lib/thumb/v7-m/libc_nano.a(lib_a-impure.o)
__sf_fake_stdin                                   /home/logic/_workspace/STM32Toolchain/gcc-arm-none-eabi-7-2018-q2-update/bin/../lib/gcc/arm-none-eabi/7.3.1/../../../../arm-none-eabi/lib/thumb/v7-m/libc_nano.a(lib_a-impure.o)
__sf_fake_stdout                                  /home/logic/_workspace/STM32Toolchain/gcc-arm-none-eabi-7-2018-q2-update/bin/../lib/gcc/arm-none-eabi/7.3.1/../../../../arm-none-eabi/lib/thumb/v7-m/libc_nano.a(lib_a-impure.o)
__ssprint_r                                       /home/logic/_workspace/STM32Toolchain/gcc-arm-none-eabi-7-2018-q2-update/bin/../lib/gcc/arm-none-eabi/7.3.1/../../../../arm-none-eabi/lib/thumb/v7-m/libc_nano.a(lib_a-nano-svfprintf.o)
__ssputs_r                                        /home/logic/_workspace/STM32Toolchain/gcc-arm-none-eabi-7-2018-q2-update/bin/../lib/gcc/arm-none-eabi/7.3.1/../../../../arm-none-eabi/lib/thumb/v7-m/libc_nano.a(lib_a-nano-svfprintf.o)
__stack                                           /home/logic/_workspace/STM32Toolchain/gcc-arm-none-eabi-7-2018-q2-update/bin/../lib/gcc/arm-none-eabi/7.3.1/../../../../arm-none-eabi/lib/thumb/v7-m/crt0.o
__subdf3                                          /home/logic/_workspace/STM32Toolchain/gcc-arm-none-eabi-7-2018-q2-update/bin/../lib/gcc/arm-none-eabi/7.3.1/thumb/v7-m/libgcc.a(_arm_addsubdf3.o)
__subsf3                                          /home/logic/_workspace/STM32Toolchain/gcc-arm-none-eabi-7-2018-q2-update/bin/../lib/gcc/arm-none-eabi/7.3.1/thumb/v7-m/libgcc.a(_arm_addsubsf3.o)
_ebss                                             build/startup_stm32f103xb.o
_edata                                            build/startup_stm32f103xb.o
_estack                                           build/startup_stm32f103xb.o
_exit                                             /home/logic/_workspace/STM32Toolchain/gcc-arm-none-eabi-7-2018-q2-update/bin/../lib/gcc/arm-none-eabi/7.3.1/../../../../arm-none-eabi/lib/thumb/v7-m/libnosys.a(_exit.o)
                                                  /home/logic/_workspace/STM32Toolchain/gcc-arm-none-eabi-7-2018-q2-update/bin/../lib/gcc/arm-none-eabi/7.3.1/../../../../arm-none-eabi/lib/thumb/v7-m/libc_nano.a(lib_a-exit.o)
_fini                                             /home/logic/_workspace/STM32Toolchain/gcc-arm-none-eabi-7-2018-q2-update/bin/../lib/gcc/arm-none-eabi/7.3.1/thumb/v7-m/crti.o
_free_r                                           /home/logic/_workspace/STM32Toolchain/gcc-arm-none-eabi-7-2018-q2-update/bin/../lib/gcc/arm-none-eabi/7.3.1/../../../../arm-none-eabi/lib/thumb/v7-m/libc_nano.a(lib_a-nano-freer.o)
                                                  /home/logic/_workspace/STM32Toolchain/gcc-arm-none-eabi-7-2018-q2-update/bin/../lib/gcc/arm-none-eabi/7.3.1/../../../../arm-none-eabi/lib/thumb/v7-m/libc_nano.a(lib_a-reent.o)
                                                  /home/logic/_workspace/STM32Toolchain/gcc-arm-none-eabi-7-2018-q2-update/bin/../lib/gcc/arm-none-eabi/7.3.1/../../../../arm-none-eabi/lib/thumb/v7-m/libc_nano.a(lib_a-nano-reallocr.o)
                                                  /home/logic/_workspace/STM32Toolchain/gcc-arm-none-eabi-7-2018-q2-update/bin/../lib/gcc/arm-none-eabi/7.3.1/../../../../arm-none-eabi/lib/thumb/v7-m/libc_nano.a(lib_a-nano-svfprintf.o)
_global_impure_ptr                                /home/logic/_workspace/STM32Toolchain/gcc-arm-none-eabi-7-2018-q2-update/bin/../lib/gcc/arm-none-eabi/7.3.1/../../../../arm-none-eabi/lib/thumb/v7-m/libc_nano.a(lib_a-impure.o)
                                                  /home/logic/_workspace/STM32Toolchain/gcc-arm-none-eabi-7-2018-q2-update/bin/../lib/gcc/arm-none-eabi/7.3.1/../../../../arm-none-eabi/lib/thumb/v7-m/libc_nano.a(lib_a-exit.o)
_impure_ptr                                       /home/logic/_workspace/STM32Toolchain/gcc-arm-none-eabi-7-2018-q2-update/bin/../lib/gcc/arm-none-eabi/7.3.1/../../../../arm-none-eabi/lib/thumb/v7-m/libc_nano.a(lib_a-impure.o)
                                                  /home/logic/_workspace/STM32Toolchain/gcc-arm-none-eabi-7-2018-q2-update/bin/../lib/gcc/arm-none-eabi/7.3.1/../../../../arm-none-eabi/lib/thumb/v7-m/libc_nano.a(lib_a-reent.o)
                                                  /home/logic/_workspace/STM32Toolchain/gcc-arm-none-eabi-7-2018-q2-update/bin/../lib/gcc/arm-none-eabi/7.3.1/../../../../arm-none-eabi/lib/thumb/v7-m/libc_nano.a(lib_a-snprintf.o)
_init                                             /home/logic/_workspace/STM32Toolchain/gcc-arm-none-eabi-7-2018-q2-update/bin/../lib/gcc/arm-none-eabi/7.3.1/thumb/v7-m/crti.o
                                                  /home/logic/_workspace/STM32Toolchain/gcc-arm-none-eabi-7-2018-q2-update/bin/../lib/gcc/arm-none-eabi/7.3.1/../../../../arm-none-eabi/lib/thumb/v7-m/libc_nano.a(lib_a-init.o)
_mainCRTStartup                                   /home/logic/_workspace/STM32Toolchain/gcc-arm-none-eabi-7-2018-q2-update/bin/../lib/gcc/arm-none-eabi/7.3.1/../../../../arm-none-eabi/lib/thumb/v7-m/crt0.o
_malloc_r                                         /home/logic/_workspace/STM32Toolchain/gcc-arm-none-eabi-7-2018-q2-update/bin/../lib/gcc/arm-none-eabi/7.3.1/../../../../arm-none-eabi/lib/thumb/v7-m/libc_nano.a(lib_a-nano-mallocr.o)
                                                  /home/logic/_workspace/STM32Toolchain/gcc-arm-none-eabi-7-2018-q2-update/bin/../lib/gcc/arm-none-eabi/7.3.1/../../../../arm-none-eabi/lib/thumb/v7-m/libc_nano.a(lib_a-nano-reallocr.o)
                                                  /home/logic/_workspace/STM32Toolchain/gcc-arm-none-eabi-7-2018-q2-update/bin/../lib/gcc/arm-none-eabi/7.3.1/../../../../arm-none-eabi/lib/thumb/v7-m/libc_nano.a(lib_a-nano-svfprintf.o)
_malloc_usable_size_r                             /home/logic/_workspace/STM32Toolchain/gcc-arm-none-eabi-7-2018-q2-update/bin/../lib/gcc/arm-none-eabi/7.3.1/../../../../arm-none-eabi/lib/thumb/v7-m/libc_nano.a(lib_a-nano-msizer.o)
                                                  /home/logic/_workspace/STM32Toolchain/gcc-arm-none-eabi-7-2018-q2-update/bin/../lib/gcc/arm-none-eabi/7.3.1/../../../../arm-none-eabi/lib/thumb/v7-m/libc_nano.a(lib_a-nano-reallocr.o)
_printf_common                                    /home/logic/_workspace/STM32Toolchain/gcc-arm-none-eabi-7-2018-q2-update/bin/../lib/gcc/arm-none-eabi/7.3.1/../../../../arm-none-eabi/lib/thumb/v7-m/libc_nano.a(lib_a-nano-vfprintf_i.o)
_printf_float                                     /home/logic/_workspace/STM32Toolchain/gcc-arm-none-eabi-7-2018-q2-update/bin/../lib/gcc/arm-none-eabi/7.3.1/../../../../arm-none-eabi/lib/thumb/v7-m/libc_nano.a(lib_a-nano-svfprintf.o)
_printf_i                                         /home/logic/_workspace/STM32Toolchain/gcc-arm-none-eabi-7-2018-q2-update/bin/../lib/gcc/arm-none-eabi/7.3.1/../../../../arm-none-eabi/lib/thumb/v7-m/libc_nano.a(lib_a-nano-vfprintf_i.o)
                                                  /home/logic/_workspace/STM32Toolchain/gcc-arm-none-eabi-7-2018-q2-update/bin/../lib/gcc/arm-none-eabi/7.3.1/../../../../arm-none-eabi/lib/thumb/v7-m/libc_nano.a(lib_a-nano-svfprintf.o)
_realloc_r                                        /home/logic/_workspace/STM32Toolchain/gcc-arm-none-eabi-7-2018-q2-update/bin/../lib/gcc/arm-none-eabi/7.3.1/../../../../arm-none-eabi/lib/thumb/v7-m/libc_nano.a(lib_a-nano-reallocr.o)
                                                  /home/logic/_workspace/STM32Toolchain/gcc-arm-none-eabi-7-2018-q2-update/bin/../lib/gcc/arm-none-eabi/7.3.1/../../../../arm-none-eabi/lib/thumb/v7-m/libc_nano.a(lib_a-nano-svfprintf.o)
_reclaim_reent                                    /home/logic/_workspace/STM32Toolchain/gcc-arm-none-eabi-7-2018-q2-update/bin/../lib/gcc/arm-none-eabi/7.3.1/../../../../arm-none-eabi/lib/thumb/v7-m/libc_nano.a(lib_a-reent.o)
_sbrk                                             /home/logic/_workspace/STM32Toolchain/gcc-arm-none-eabi-7-2018-q2-update/bin/../lib/gcc/arm-none-eabi/7.3.1/../../../../arm-none-eabi/lib/thumb/v7-m/libnosys.a(sbrk.o)
                                                  /home/logic/_workspace/STM32Toolchain/gcc-arm-none-eabi-7-2018-q2-update/bin/../lib/gcc/arm-none-eabi/7.3.1/../../../../arm-none-eabi/lib/thumb/v7-m/libc_nano.a(lib_a-sbrkr.o)
_sbrk_r                                           /home/logic/_workspace/STM32Toolchain/gcc-arm-none-eabi-7-2018-q2-update/bin/../lib/gcc/arm-none-eabi/7.3.1/../../../../arm-none-eabi/lib/thumb/v7-m/libc_nano.a(lib_a-sbrkr.o)